[0.605s] Invoking command in '/ws/build/gamesmanros': AMENT_PREFIX_PATH=/ws/install/gamesmanros_interfaces:${AMENT_PREFIX_PATH} CMAKE_PREFIX_PATH=/ws/install/gamesmanros_interfaces LD_LIBRARY_PATH=/ws/install/gamesmanros_interfaces/lib:${LD_LIBRARY_PATH} PYTHONPATH=/ws/build/gamesmanros/prefix_override:/usr/lib/python3/dist-packages/colcon_core/task/python/colcon_distutils_commands:/ws/install/gamesmanros/lib/python3.10/site-packages:/ws/install/gamesmanros_interfaces/local/lib/python3.10/dist-packages:${PYTHONPATH} /usr/bin/python3 -W ignore:setup.py install is deprecated -W ignore:easy_install command is deprecated setup.py develop --editable --build-directory /ws/build/gamesmanros/build --no-deps symlink_data
[0.758s] running develop
[0.824s] running egg_info
[0.824s] writing gamesmanros.egg-info/PKG-INFO
[0.825s] writing dependency_links to gamesmanros.egg-info/dependency_links.txt
[0.825s] writing entry points to gamesmanros.egg-info/entry_points.txt
[0.826s] writing requirements to gamesmanros.egg-info/requires.txt
[0.826s] writing top-level names to gamesmanros.egg-info/top_level.txt
[0.829s] reading manifest file 'gamesmanros.egg-info/SOURCES.txt'
[0.831s] writing manifest file 'gamesmanros.egg-info/SOURCES.txt'
[0.833s] running build_ext
[0.833s] Creating /ws/install/gamesmanros/lib/python3.10/site-packages/gamesmanros.egg-link (link to .)
[0.834s] Installing arm_controller script to /ws/install/gamesmanros/lib/gamesmanros
[0.835s] Installing game_manager script to /ws/install/gamesmanros/lib/gamesmanros
[0.836s] Installing gripper_controller script to /ws/install/gamesmanros/lib/gamesmanros
[0.837s] Installing joint_state_bridge script to /ws/install/gamesmanros/lib/gamesmanros
[0.838s] Installing robot_control script to /ws/install/gamesmanros/lib/gamesmanros
[0.838s] Installing vision_node script to /ws/install/gamesmanros/lib/gamesmanros
[0.840s] 
[0.840s] Installed /ws/build/gamesmanros
[0.840s] running symlink_data
[0.864s] Invoked command in '/ws/build/gamesmanros' returned '0': AMENT_PREFIX_PATH=/ws/install/gamesmanros_interfaces:${AMENT_PREFIX_PATH} CMAKE_PREFIX_PATH=/ws/install/gamesmanros_interfaces LD_LIBRARY_PATH=/ws/install/gamesmanros_interfaces/lib:${LD_LIBRARY_PATH} PYTHONPATH=/ws/build/gamesmanros/prefix_override:/usr/lib/python3/dist-packages/colcon_core/task/python/colcon_distutils_commands:/ws/install/gamesmanros/lib/python3.10/site-packages:/ws/install/gamesmanros_interfaces/local/lib/python3.10/dist-packages:${PYTHONPATH} /usr/bin/python3 -W ignore:setup.py install is deprecated -W ignore:easy_install command is deprecated setup.py develop --editable --build-directory /ws/build/gamesmanros/build --no-deps symlink_data
