-- The C compiler identification is GNU 11.4.0
-- The CXX compiler identification is GNU 11.4.0
-- Detecting C compiler ABI info
-- Detecting C compiler ABI info - done
-- Check for working C compiler: /usr/bin/cc - skipped
-- Detecting C compile features
-- Detecting C compile features - done
-- Detecting CXX compiler ABI info
-- Detecting CXX compiler ABI info - done
-- Check for working CXX compiler: /usr/bin/c++ - skipped
-- Detecting CXX compile features
-- Detecting CXX compile features - done
-- Found ament_cmake: 1.3.14 (/opt/ros/humble/share/ament_cmake/cmake)
-- Found Python3: /usr/bin/python3 (found version "3.10.12") found components: Interpreter 
-- Override CMake install command with custom implementation using symlinks instead of copying resources
-- Found rosidl_default_generators: 1.2.1 (/opt/ros/humble/share/rosidl_default_generators/cmake)
-- Using all available rosidl_typesupport_c: rosidl_typesupport_fastrtps_c;rosidl_typesupport_introspection_c
-- Found rosidl_adapter: 3.1.9 (/opt/ros/humble/share/rosidl_adapter/cmake)
-- Using all available rosidl_typesupport_cpp: rosidl_typesupport_fastrtps_cpp;rosidl_typesupport_introspection_cpp
-- Found builtin_interfaces: 1.2.3 (/opt/ros/humble/share/builtin_interfaces/cmake)
-- Found std_msgs: 4.9.2 (/opt/ros/humble/share/std_msgs/cmake)
-- Found ament_cmake_ros: 0.10.0 (/opt/ros/humble/share/ament_cmake_ros/cmake)
-- Using all available rosidl_typesupport_c: rosidl_typesupport_fastrtps_c;rosidl_typesupport_introspection_c
-- Using all available rosidl_typesupport_cpp: rosidl_typesupport_fastrtps_cpp;rosidl_typesupport_introspection_cpp
-- Found PythonInterp: /usr/bin/python3 (found suitable version "3.10.12", minimum required is "3.6") 
-- Found python_cmake_module: 0.10.0 (/opt/ros/humble/share/python_cmake_module/cmake)
-- Found PythonLibs: /usr/lib/aarch64-linux-gnu/libpython3.10.so (found suitable version "3.10.12", minimum required is "3.5") 
-- Using PYTHON_EXECUTABLE: /usr/bin/python3
-- Using PYTHON_INCLUDE_DIRS: /usr/include/python3.10
-- Using PYTHON_LIBRARIES: /usr/lib/aarch64-linux-gnu/libpython3.10.so
-- Found PythonExtra: .so  
-- Configuring done
-- Generating done
-- Build files have been written to: /ws/build/gamesmanros_interfaces
[  1%] Generating C code for ROS interfaces
[  3%] Generating Rust code for ROS interfaces
[  5%] Generating C++ code for ROS interfaces
[  5%] Built target ament_cmake_python_symlink_gamesmanros_interfaces
running egg_info
creating gamesmanros_interfaces.egg-info
writing gamesmanros_interfaces.egg-info/PKG-INFO
writing dependency_links to gamesmanros_interfaces.egg-info/dependency_links.txt
writing top-level names to gamesmanros_interfaces.egg-info/top_level.txt
writing manifest file 'gamesmanros_interfaces.egg-info/SOURCES.txt'
reading manifest file 'gamesmanros_interfaces.egg-info/SOURCES.txt'
writing manifest file 'gamesmanros_interfaces.egg-info/SOURCES.txt'
[  5%] Built target ament_cmake_python_build_gamesmanros_interfaces_egg
[  5%] Built target gamesmanros_interfaces__rs
[ 10%] Building C object CMakeFiles/gamesmanros_interfaces__rosidl_generator_c.dir/rosidl_generator_c/gamesmanros_interfaces/msg/detail/game_state__functions.c.o
[ 10%] Building C object CMakeFiles/gamesmanros_interfaces__rosidl_generator_c.dir/rosidl_generator_c/gamesmanros_interfaces/action/detail/move_arm__functions.c.o
[ 10%] Building C object CMakeFiles/gamesmanros_interfaces__rosidl_generator_c.dir/rosidl_generator_c/gamesmanros_interfaces/action/detail/move_gripper__functions.c.o
[ 12%] Building C object CMakeFiles/gamesmanros_interfaces__rosidl_generator_c.dir/rosidl_generator_c/gamesmanros_interfaces/action/detail/execute_move__functions.c.o
[ 12%] Built target gamesmanros_interfaces__cpp
[ 14%] Generating C++ introspection for ROS interfaces
[ 16%] Generating C++ type support dispatch for ROS interfaces
[ 17%] Generating C++ type support for eProsima Fast-RTPS
[ 19%] Linking C shared library libgamesmanros_interfaces__rosidl_generator_c.so
[ 19%] Built target gamesmanros_interfaces__rosidl_generator_c
[ 25%] Generating C introspection for ROS interfaces
[ 25%] Generating C type support dispatch for ROS interfaces
[ 25%] Generating C type support for eProsima Fast-RTPS
[ 30%] Building CXX object CMakeFiles/gamesmanros_interfaces__rosidl_typesupport_cpp.dir/rosidl_typesupport_cpp/gamesmanros_interfaces/action/move_arm__type_support.cpp.o
[ 30%] Building CXX object CMakeFiles/gamesmanros_interfaces__rosidl_typesupport_cpp.dir/rosidl_typesupport_cpp/gamesmanros_interfaces/action/move_gripper__type_support.cpp.o
[ 30%] Building CXX object CMakeFiles/gamesmanros_interfaces__rosidl_typesupport_cpp.dir/rosidl_typesupport_cpp/gamesmanros_interfaces/msg/game_state__type_support.cpp.o
[ 32%] Building CXX object CMakeFiles/gamesmanros_interfaces__rosidl_typesupport_introspection_cpp.dir/rosidl_typesupport_introspection_cpp/gamesmanros_interfaces/msg/detail/game_state__type_support.cpp.o
[ 33%] Building CXX object CMakeFiles/gamesmanros_interfaces__rosidl_typesupport_c.dir/rosidl_typesupport_c/gamesmanros_interfaces/msg/game_state__type_support.cpp.o
[ 35%] Building CXX object CMakeFiles/gamesmanros_interfaces__rosidl_typesupport_introspection_cpp.dir/rosidl_typesupport_introspection_cpp/gamesmanros_interfaces/action/detail/move_arm__type_support.cpp.o
[ 37%] Building CXX object CMakeFiles/gamesmanros_interfaces__rosidl_typesupport_c.dir/rosidl_typesupport_c/gamesmanros_interfaces/action/move_arm__type_support.cpp.o
[ 39%] Building CXX object CMakeFiles/gamesmanros_interfaces__rosidl_typesupport_c.dir/rosidl_typesupport_c/gamesmanros_interfaces/action/move_gripper__type_support.cpp.o
[ 41%] Building CXX object CMakeFiles/gamesmanros_interfaces__rosidl_typesupport_fastrtps_cpp.dir/rosidl_typesupport_fastrtps_cpp/gamesmanros_interfaces/msg/detail/dds_fastrtps/game_state__type_support.cpp.o
[ 42%] Building CXX object CMakeFiles/gamesmanros_interfaces__rosidl_typesupport_fastrtps_cpp.dir/rosidl_typesupport_fastrtps_cpp/gamesmanros_interfaces/action/detail/dds_fastrtps/move_arm__type_support.cpp.o
[ 44%] Building CXX object CMakeFiles/gamesmanros_interfaces__rosidl_typesupport_c.dir/rosidl_typesupport_c/gamesmanros_interfaces/action/execute_move__type_support.cpp.o
[ 46%] Building CXX object CMakeFiles/gamesmanros_interfaces__rosidl_typesupport_cpp.dir/rosidl_typesupport_cpp/gamesmanros_interfaces/action/execute_move__type_support.cpp.o
[ 48%] Building C object CMakeFiles/gamesmanros_interfaces__rosidl_typesupport_introspection_c.dir/rosidl_typesupport_introspection_c/gamesmanros_interfaces/msg/detail/game_state__type_support.c.o
[ 50%] Linking CXX shared library libgamesmanros_interfaces__rosidl_typesupport_c.so
[ 51%] Building CXX object CMakeFiles/gamesmanros_interfaces__rosidl_typesupport_fastrtps_c.dir/rosidl_typesupport_fastrtps_c/gamesmanros_interfaces/msg/detail/game_state__type_support_c.cpp.o
[ 53%] Building C object CMakeFiles/gamesmanros_interfaces__rosidl_typesupport_introspection_c.dir/rosidl_typesupport_introspection_c/gamesmanros_interfaces/action/detail/move_arm__type_support.c.o
[ 53%] Built target gamesmanros_interfaces__rosidl_typesupport_c
[ 55%] Building CXX object CMakeFiles/gamesmanros_interfaces__rosidl_typesupport_introspection_cpp.dir/rosidl_typesupport_introspection_cpp/gamesmanros_interfaces/action/detail/move_gripper__type_support.cpp.o
[ 57%] Building CXX object CMakeFiles/gamesmanros_interfaces__rosidl_typesupport_fastrtps_c.dir/rosidl_typesupport_fastrtps_c/gamesmanros_interfaces/action/detail/move_arm__type_support_c.cpp.o
[ 58%] Building C object CMakeFiles/gamesmanros_interfaces__rosidl_typesupport_introspection_c.dir/rosidl_typesupport_introspection_c/gamesmanros_interfaces/action/detail/move_gripper__type_support.c.o
[ 60%] Building C object CMakeFiles/gamesmanros_interfaces__rosidl_typesupport_introspection_c.dir/rosidl_typesupport_introspection_c/gamesmanros_interfaces/action/detail/execute_move__type_support.c.o
[ 62%] Linking C shared library libgamesmanros_interfaces__rosidl_typesupport_introspection_c.so
[ 64%] Building CXX object CMakeFiles/gamesmanros_interfaces__rosidl_typesupport_fastrtps_c.dir/rosidl_typesupport_fastrtps_c/gamesmanros_interfaces/action/detail/move_gripper__type_support_c.cpp.o
[ 66%] Linking CXX shared library libgamesmanros_interfaces__rosidl_typesupport_cpp.so
[ 67%] Building CXX object CMakeFiles/gamesmanros_interfaces__rosidl_typesupport_fastrtps_cpp.dir/rosidl_typesupport_fastrtps_cpp/gamesmanros_interfaces/action/detail/dds_fastrtps/move_gripper__type_support.cpp.o
[ 67%] Built target gamesmanros_interfaces__rosidl_typesupport_introspection_c
[ 71%] Building CXX object CMakeFiles/gamesmanros_interfaces__rosidl_typesupport_fastrtps_cpp.dir/rosidl_typesupport_fastrtps_cpp/gamesmanros_interfaces/action/detail/dds_fastrtps/execute_move__type_support.cpp.o
[ 71%] Building CXX object CMakeFiles/gamesmanros_interfaces__rosidl_typesupport_introspection_cpp.dir/rosidl_typesupport_introspection_cpp/gamesmanros_interfaces/action/detail/execute_move__type_support.cpp.o
[ 71%] Built target gamesmanros_interfaces__rosidl_typesupport_cpp
[ 73%] Building CXX object CMakeFiles/gamesmanros_interfaces__rosidl_typesupport_fastrtps_c.dir/rosidl_typesupport_fastrtps_c/gamesmanros_interfaces/action/detail/execute_move__type_support_c.cpp.o
[ 75%] Linking CXX shared library libgamesmanros_interfaces__rosidl_typesupport_fastrtps_c.so
[ 76%] Linking CXX shared library libgamesmanros_interfaces__rosidl_typesupport_fastrtps_cpp.so
[ 78%] Linking CXX shared library libgamesmanros_interfaces__rosidl_typesupport_introspection_cpp.so
[ 78%] Built target gamesmanros_interfaces__rosidl_typesupport_fastrtps_c
[ 78%] Built target gamesmanros_interfaces__rosidl_typesupport_introspection_cpp
[ 78%] Built target gamesmanros_interfaces__rosidl_typesupport_fastrtps_cpp
[ 78%] Built target gamesmanros_interfaces
[ 80%] Generating Python code for ROS interfaces
[ 80%] Built target gamesmanros_interfaces__py
[ 87%] Building C object CMakeFiles/gamesmanros_interfaces__rosidl_generator_py.dir/rosidl_generator_py/gamesmanros_interfaces/msg/_game_state_s.c.o
[ 87%] Building C object CMakeFiles/gamesmanros_interfaces__rosidl_generator_py.dir/rosidl_generator_py/gamesmanros_interfaces/action/_move_arm_s.c.o
[ 87%] Building C object CMakeFiles/gamesmanros_interfaces__rosidl_generator_py.dir/rosidl_generator_py/gamesmanros_interfaces/action/_move_gripper_s.c.o
[ 87%] Building C object CMakeFiles/gamesmanros_interfaces__rosidl_generator_py.dir/rosidl_generator_py/gamesmanros_interfaces/action/_execute_move_s.c.o
[ 89%] Linking C shared library rosidl_generator_py/gamesmanros_interfaces/libgamesmanros_interfaces__rosidl_generator_py.so
[ 89%] Built target gamesmanros_interfaces__rosidl_generator_py
[ 94%] Building C object CMakeFiles/gamesmanros_interfaces__rosidl_typesupport_introspection_c__pyext.dir/rosidl_generator_py/gamesmanros_interfaces/_gamesmanros_interfaces_s.ep.rosidl_typesupport_introspection_c.c.o
[ 94%] Building C object CMakeFiles/gamesmanros_interfaces__rosidl_typesupport_fastrtps_c__pyext.dir/rosidl_generator_py/gamesmanros_interfaces/_gamesmanros_interfaces_s.ep.rosidl_typesupport_fastrtps_c.c.o
[ 94%] Building C object CMakeFiles/gamesmanros_interfaces__rosidl_typesupport_c__pyext.dir/rosidl_generator_py/gamesmanros_interfaces/_gamesmanros_interfaces_s.ep.rosidl_typesupport_c.c.o
[100%] Linking C shared library rosidl_generator_py/gamesmanros_interfaces/gamesmanros_interfaces_s__rosidl_typesupport_fastrtps_c.cpython-310-aarch64-linux-gnu.so
[100%] Linking C shared library rosidl_generator_py/gamesmanros_interfaces/gamesmanros_interfaces_s__rosidl_typesupport_c.cpython-310-aarch64-linux-gnu.so
[100%] Linking C shared library rosidl_generator_py/gamesmanros_interfaces/gamesmanros_interfaces_s__rosidl_typesupport_introspection_c.cpython-310-aarch64-linux-gnu.so
[100%] Built target gamesmanros_interfaces__rosidl_typesupport_introspection_c__pyext
[100%] Built target gamesmanros_interfaces__rosidl_typesupport_fastrtps_c__pyext
[100%] Built target gamesmanros_interfaces__rosidl_typesupport_c__pyext
-- Install configuration: ""
-- Execute custom install script
-- Symlinking: /ws/install/gamesmanros_interfaces/share/ament_index/resource_index/rosidl_interfaces/gamesmanros_interfaces
-- Symlinking: /ws/install/gamesmanros_interfaces/include/gamesmanros_interfaces/gamesmanros_interfaces/action/detail/execute_move__functions.h
-- Symlinking: /ws/install/gamesmanros_interfaces/include/gamesmanros_interfaces/gamesmanros_interfaces/action/detail/execute_move__struct.h
-- Symlinking: /ws/install/gamesmanros_interfaces/include/gamesmanros_interfaces/gamesmanros_interfaces/action/detail/execute_move__type_support.h
-- Symlinking: /ws/install/gamesmanros_interfaces/include/gamesmanros_interfaces/gamesmanros_interfaces/action/detail/move_arm__functions.h
-- Symlinking: /ws/install/gamesmanros_interfaces/include/gamesmanros_interfaces/gamesmanros_interfaces/action/detail/move_arm__struct.h
-- Symlinking: /ws/install/gamesmanros_interfaces/include/gamesmanros_interfaces/gamesmanros_interfaces/action/detail/move_arm__type_support.h
-- Symlinking: /ws/install/gamesmanros_interfaces/include/gamesmanros_interfaces/gamesmanros_interfaces/action/detail/move_gripper__functions.h
-- Symlinking: /ws/install/gamesmanros_interfaces/include/gamesmanros_interfaces/gamesmanros_interfaces/action/detail/move_gripper__struct.h
-- Symlinking: /ws/install/gamesmanros_interfaces/include/gamesmanros_interfaces/gamesmanros_interfaces/action/detail/move_gripper__type_support.h
-- Symlinking: /ws/install/gamesmanros_interfaces/include/gamesmanros_interfaces/gamesmanros_interfaces/action/execute_move.h
-- Symlinking: /ws/install/gamesmanros_interfaces/include/gamesmanros_interfaces/gamesmanros_interfaces/action/move_arm.h
-- Symlinking: /ws/install/gamesmanros_interfaces/include/gamesmanros_interfaces/gamesmanros_interfaces/action/move_gripper.h
-- Symlinking: /ws/install/gamesmanros_interfaces/include/gamesmanros_interfaces/gamesmanros_interfaces/msg/detail/game_state__functions.h
-- Symlinking: /ws/install/gamesmanros_interfaces/include/gamesmanros_interfaces/gamesmanros_interfaces/msg/detail/game_state__struct.h
-- Symlinking: /ws/install/gamesmanros_interfaces/include/gamesmanros_interfaces/gamesmanros_interfaces/msg/detail/game_state__type_support.h
-- Symlinking: /ws/install/gamesmanros_interfaces/include/gamesmanros_interfaces/gamesmanros_interfaces/msg/game_state.h
-- Symlinking: /ws/install/gamesmanros_interfaces/include/gamesmanros_interfaces/gamesmanros_interfaces/msg/rosidl_generator_c__visibility_control.h
-- Symlinking: /ws/install/gamesmanros_interfaces/share/gamesmanros_interfaces/environment/library_path.sh
-- Symlinking: /ws/install/gamesmanros_interfaces/share/gamesmanros_interfaces/environment/library_path.dsv
-- Symlinking: /ws/install/gamesmanros_interfaces/include/gamesmanros_interfaces/gamesmanros_interfaces/action/detail/execute_move__rosidl_typesupport_fastrtps_c.h
-- Symlinking: /ws/install/gamesmanros_interfaces/include/gamesmanros_interfaces/gamesmanros_interfaces/action/detail/move_arm__rosidl_typesupport_fastrtps_c.h
-- Symlinking: /ws/install/gamesmanros_interfaces/include/gamesmanros_interfaces/gamesmanros_interfaces/action/detail/move_gripper__rosidl_typesupport_fastrtps_c.h
-- Symlinking: /ws/install/gamesmanros_interfaces/include/gamesmanros_interfaces/gamesmanros_interfaces/msg/detail/game_state__rosidl_typesupport_fastrtps_c.h
-- Symlinking: /ws/install/gamesmanros_interfaces/include/gamesmanros_interfaces/gamesmanros_interfaces/msg/rosidl_typesupport_fastrtps_c__visibility_control.h
-- Symlinking: /ws/install/gamesmanros_interfaces/include/gamesmanros_interfaces/gamesmanros_interfaces/action/detail/execute_move__rosidl_typesupport_introspection_c.h
-- Symlinking: /ws/install/gamesmanros_interfaces/include/gamesmanros_interfaces/gamesmanros_interfaces/action/detail/move_arm__rosidl_typesupport_introspection_c.h
-- Symlinking: /ws/install/gamesmanros_interfaces/include/gamesmanros_interfaces/gamesmanros_interfaces/action/detail/move_gripper__rosidl_typesupport_introspection_c.h
-- Symlinking: /ws/install/gamesmanros_interfaces/include/gamesmanros_interfaces/gamesmanros_interfaces/msg/detail/game_state__rosidl_typesupport_introspection_c.h
-- Symlinking: /ws/install/gamesmanros_interfaces/include/gamesmanros_interfaces/gamesmanros_interfaces/msg/rosidl_typesupport_introspection_c__visibility_control.h
-- Symlinking: /ws/install/gamesmanros_interfaces/include/gamesmanros_interfaces/gamesmanros_interfaces/action/detail/execute_move__builder.hpp
-- Symlinking: /ws/install/gamesmanros_interfaces/include/gamesmanros_interfaces/gamesmanros_interfaces/action/detail/execute_move__struct.hpp
-- Symlinking: /ws/install/gamesmanros_interfaces/include/gamesmanros_interfaces/gamesmanros_interfaces/action/detail/execute_move__traits.hpp
-- Symlinking: /ws/install/gamesmanros_interfaces/include/gamesmanros_interfaces/gamesmanros_interfaces/action/detail/execute_move__type_support.hpp
-- Symlinking: /ws/install/gamesmanros_interfaces/include/gamesmanros_interfaces/gamesmanros_interfaces/action/detail/move_arm__builder.hpp
-- Symlinking: /ws/install/gamesmanros_interfaces/include/gamesmanros_interfaces/gamesmanros_interfaces/action/detail/move_arm__struct.hpp
-- Symlinking: /ws/install/gamesmanros_interfaces/include/gamesmanros_interfaces/gamesmanros_interfaces/action/detail/move_arm__traits.hpp
-- Symlinking: /ws/install/gamesmanros_interfaces/include/gamesmanros_interfaces/gamesmanros_interfaces/action/detail/move_arm__type_support.hpp
-- Symlinking: /ws/install/gamesmanros_interfaces/include/gamesmanros_interfaces/gamesmanros_interfaces/action/detail/move_gripper__builder.hpp
-- Symlinking: /ws/install/gamesmanros_interfaces/include/gamesmanros_interfaces/gamesmanros_interfaces/action/detail/move_gripper__struct.hpp
-- Symlinking: /ws/install/gamesmanros_interfaces/include/gamesmanros_interfaces/gamesmanros_interfaces/action/detail/move_gripper__traits.hpp
-- Symlinking: /ws/install/gamesmanros_interfaces/include/gamesmanros_interfaces/gamesmanros_interfaces/action/detail/move_gripper__type_support.hpp
-- Symlinking: /ws/install/gamesmanros_interfaces/include/gamesmanros_interfaces/gamesmanros_interfaces/action/execute_move.hpp
-- Symlinking: /ws/install/gamesmanros_interfaces/include/gamesmanros_interfaces/gamesmanros_interfaces/action/move_arm.hpp
-- Symlinking: /ws/install/gamesmanros_interfaces/include/gamesmanros_interfaces/gamesmanros_interfaces/action/move_gripper.hpp
-- Symlinking: /ws/install/gamesmanros_interfaces/include/gamesmanros_interfaces/gamesmanros_interfaces/msg/detail/game_state__builder.hpp
-- Symlinking: /ws/install/gamesmanros_interfaces/include/gamesmanros_interfaces/gamesmanros_interfaces/msg/detail/game_state__struct.hpp
-- Symlinking: /ws/install/gamesmanros_interfaces/include/gamesmanros_interfaces/gamesmanros_interfaces/msg/detail/game_state__traits.hpp
-- Symlinking: /ws/install/gamesmanros_interfaces/include/gamesmanros_interfaces/gamesmanros_interfaces/msg/detail/game_state__type_support.hpp
-- Symlinking: /ws/install/gamesmanros_interfaces/include/gamesmanros_interfaces/gamesmanros_interfaces/msg/game_state.hpp
-- Symlinking: /ws/install/gamesmanros_interfaces/include/gamesmanros_interfaces/gamesmanros_interfaces/msg/rosidl_generator_cpp__visibility_control.hpp
-- Symlinking: /ws/install/gamesmanros_interfaces/include/gamesmanros_interfaces/gamesmanros_interfaces/action/detail/execute_move__rosidl_typesupport_fastrtps_cpp.hpp
-- Symlinking: /ws/install/gamesmanros_interfaces/include/gamesmanros_interfaces/gamesmanros_interfaces/action/detail/move_arm__rosidl_typesupport_fastrtps_cpp.hpp
-- Symlinking: /ws/install/gamesmanros_interfaces/include/gamesmanros_interfaces/gamesmanros_interfaces/action/detail/move_gripper__rosidl_typesupport_fastrtps_cpp.hpp
-- Symlinking: /ws/install/gamesmanros_interfaces/include/gamesmanros_interfaces/gamesmanros_interfaces/msg/detail/game_state__rosidl_typesupport_fastrtps_cpp.hpp
-- Symlinking: /ws/install/gamesmanros_interfaces/include/gamesmanros_interfaces/gamesmanros_interfaces/msg/rosidl_typesupport_fastrtps_cpp__visibility_control.h
-- Symlinking: /ws/install/gamesmanros_interfaces/include/gamesmanros_interfaces/gamesmanros_interfaces/action/detail/execute_move__rosidl_typesupport_introspection_cpp.hpp
-- Symlinking: /ws/install/gamesmanros_interfaces/include/gamesmanros_interfaces/gamesmanros_interfaces/action/detail/move_arm__rosidl_typesupport_introspection_cpp.hpp
-- Symlinking: /ws/install/gamesmanros_interfaces/include/gamesmanros_interfaces/gamesmanros_interfaces/action/detail/move_gripper__rosidl_typesupport_introspection_cpp.hpp
-- Symlinking: /ws/install/gamesmanros_interfaces/include/gamesmanros_interfaces/gamesmanros_interfaces/msg/detail/game_state__rosidl_typesupport_introspection_cpp.hpp
-- Symlinking: /ws/install/gamesmanros_interfaces/share/gamesmanros_interfaces/environment/pythonpath.sh
-- Symlinking: /ws/install/gamesmanros_interfaces/share/gamesmanros_interfaces/environment/pythonpath.dsv
-- Symlinking: /ws/install/gamesmanros_interfaces/local/lib/python3.10/dist-packages/gamesmanros_interfaces-0.1.0-py3.10.egg-info/PKG-INFO
-- Symlinking: /ws/install/gamesmanros_interfaces/local/lib/python3.10/dist-packages/gamesmanros_interfaces-0.1.0-py3.10.egg-info/SOURCES.txt
-- Symlinking: /ws/install/gamesmanros_interfaces/local/lib/python3.10/dist-packages/gamesmanros_interfaces-0.1.0-py3.10.egg-info/dependency_links.txt
-- Symlinking: /ws/install/gamesmanros_interfaces/local/lib/python3.10/dist-packages/gamesmanros_interfaces-0.1.0-py3.10.egg-info/top_level.txt
-- Symlinking: /ws/install/gamesmanros_interfaces/local/lib/python3.10/dist-packages/gamesmanros_interfaces/__init__.py
-- Symlinking: /ws/install/gamesmanros_interfaces/local/lib/python3.10/dist-packages/gamesmanros_interfaces/_gamesmanros_interfaces_s.ep.rosidl_typesupport_c.c
-- Symlinking: /ws/install/gamesmanros_interfaces/local/lib/python3.10/dist-packages/gamesmanros_interfaces/_gamesmanros_interfaces_s.ep.rosidl_typesupport_fastrtps_c.c
-- Symlinking: /ws/install/gamesmanros_interfaces/local/lib/python3.10/dist-packages/gamesmanros_interfaces/_gamesmanros_interfaces_s.ep.rosidl_typesupport_introspection_c.c
-- Symlinking: /ws/install/gamesmanros_interfaces/local/lib/python3.10/dist-packages/gamesmanros_interfaces/action/__init__.py
-- Symlinking: /ws/install/gamesmanros_interfaces/local/lib/python3.10/dist-packages/gamesmanros_interfaces/action/_execute_move.py
-- Symlinking: /ws/install/gamesmanros_interfaces/local/lib/python3.10/dist-packages/gamesmanros_interfaces/action/_execute_move_s.c
-- Symlinking: /ws/install/gamesmanros_interfaces/local/lib/python3.10/dist-packages/gamesmanros_interfaces/action/_move_arm.py
-- Symlinking: /ws/install/gamesmanros_interfaces/local/lib/python3.10/dist-packages/gamesmanros_interfaces/action/_move_arm_s.c
-- Symlinking: /ws/install/gamesmanros_interfaces/local/lib/python3.10/dist-packages/gamesmanros_interfaces/action/_move_gripper.py
-- Symlinking: /ws/install/gamesmanros_interfaces/local/lib/python3.10/dist-packages/gamesmanros_interfaces/action/_move_gripper_s.c
-- Symlinking: /ws/install/gamesmanros_interfaces/local/lib/python3.10/dist-packages/gamesmanros_interfaces/gamesmanros_interfaces_s__rosidl_typesupport_c.cpython-310-aarch64-linux-gnu.so
-- Symlinking: /ws/install/gamesmanros_interfaces/local/lib/python3.10/dist-packages/gamesmanros_interfaces/gamesmanros_interfaces_s__rosidl_typesupport_fastrtps_c.cpython-310-aarch64-linux-gnu.so
-- Symlinking: /ws/install/gamesmanros_interfaces/local/lib/python3.10/dist-packages/gamesmanros_interfaces/gamesmanros_interfaces_s__rosidl_typesupport_introspection_c.cpython-310-aarch64-linux-gnu.so
-- Symlinking: /ws/install/gamesmanros_interfaces/local/lib/python3.10/dist-packages/gamesmanros_interfaces/libgamesmanros_interfaces__rosidl_generator_py.so
-- Symlinking: /ws/install/gamesmanros_interfaces/local/lib/python3.10/dist-packages/gamesmanros_interfaces/msg/__init__.py
-- Symlinking: /ws/install/gamesmanros_interfaces/local/lib/python3.10/dist-packages/gamesmanros_interfaces/msg/_game_state.py
-- Symlinking: /ws/install/gamesmanros_interfaces/local/lib/python3.10/dist-packages/gamesmanros_interfaces/msg/_game_state_s.c
-- Up-to-date symlink: /ws/install/gamesmanros_interfaces/local/lib/python3.10/dist-packages/gamesmanros_interfaces/gamesmanros_interfaces_s__rosidl_typesupport_fastrtps_c.cpython-310-aarch64-linux-gnu.so
-- Up-to-date symlink: /ws/install/gamesmanros_interfaces/local/lib/python3.10/dist-packages/gamesmanros_interfaces/gamesmanros_interfaces_s__rosidl_typesupport_introspection_c.cpython-310-aarch64-linux-gnu.so
-- Up-to-date symlink: /ws/install/gamesmanros_interfaces/local/lib/python3.10/dist-packages/gamesmanros_interfaces/gamesmanros_interfaces_s__rosidl_typesupport_c.cpython-310-aarch64-linux-gnu.so
-- Symlinking: /ws/install/gamesmanros_interfaces/share/ament_index/resource_index/rust_packages/gamesmanros_interfaces
-- Symlinking: /ws/install/gamesmanros_interfaces/share/gamesmanros_interfaces/rust/Cargo.toml
-- Symlinking: /ws/install/gamesmanros_interfaces/share/gamesmanros_interfaces/rust/build.rs
-- Symlinking: /ws/install/gamesmanros_interfaces/share/gamesmanros_interfaces/rust/src/action.rs
-- Symlinking: /ws/install/gamesmanros_interfaces/share/gamesmanros_interfaces/rust/src/action/rmw.rs
-- Symlinking: /ws/install/gamesmanros_interfaces/share/gamesmanros_interfaces/rust/src/lib.rs
-- Symlinking: /ws/install/gamesmanros_interfaces/share/gamesmanros_interfaces/rust/src/msg.rs
-- Symlinking: /ws/install/gamesmanros_interfaces/share/gamesmanros_interfaces/rust/src/msg/rmw.rs
-- Symlinking: /ws/install/gamesmanros_interfaces/share/gamesmanros_interfaces/msg/GameState.idl
-- Symlinking: /ws/install/gamesmanros_interfaces/share/gamesmanros_interfaces/action/MoveArm.idl
-- Symlinking: /ws/install/gamesmanros_interfaces/share/gamesmanros_interfaces/action/MoveGripper.idl
-- Symlinking: /ws/install/gamesmanros_interfaces/share/gamesmanros_interfaces/action/ExecuteMove.idl
-- Symlinking: /ws/install/gamesmanros_interfaces/share/gamesmanros_interfaces/msg/GameState.msg
-- Symlinking: /ws/install/gamesmanros_interfaces/share/gamesmanros_interfaces/action/MoveArm.action
-- Symlinking: /ws/install/gamesmanros_interfaces/share/gamesmanros_interfaces/action/MoveGripper.action
-- Symlinking: /ws/install/gamesmanros_interfaces/share/gamesmanros_interfaces/action/ExecuteMove.action
-- Symlinking: /ws/install/gamesmanros_interfaces/share/ament_index/resource_index/package_run_dependencies/gamesmanros_interfaces
-- Symlinking: /ws/install/gamesmanros_interfaces/share/ament_index/resource_index/parent_prefix_path/gamesmanros_interfaces
-- Symlinking: /ws/install/gamesmanros_interfaces/share/gamesmanros_interfaces/environment/ament_prefix_path.sh
-- Symlinking: /ws/install/gamesmanros_interfaces/share/gamesmanros_interfaces/environment/ament_prefix_path.dsv
-- Symlinking: /ws/install/gamesmanros_interfaces/share/gamesmanros_interfaces/environment/path.sh
-- Symlinking: /ws/install/gamesmanros_interfaces/share/gamesmanros_interfaces/environment/path.dsv
-- Symlinking: /ws/install/gamesmanros_interfaces/share/gamesmanros_interfaces/local_setup.bash
-- Symlinking: /ws/install/gamesmanros_interfaces/share/gamesmanros_interfaces/local_setup.sh
-- Symlinking: /ws/install/gamesmanros_interfaces/share/gamesmanros_interfaces/local_setup.zsh
-- Symlinking: /ws/install/gamesmanros_interfaces/share/gamesmanros_interfaces/local_setup.dsv
-- Symlinking: /ws/install/gamesmanros_interfaces/share/gamesmanros_interfaces/package.dsv
-- Symlinking: /ws/install/gamesmanros_interfaces/share/ament_index/resource_index/packages/gamesmanros_interfaces
-- Symlinking: /ws/install/gamesmanros_interfaces/share/gamesmanros_interfaces/cmake/rosidl_cmake-extras.cmake
-- Symlinking: /ws/install/gamesmanros_interfaces/share/gamesmanros_interfaces/cmake/ament_cmake_export_dependencies-extras.cmake
-- Symlinking: /ws/install/gamesmanros_interfaces/share/gamesmanros_interfaces/cmake/ament_cmake_export_include_directories-extras.cmake
-- Symlinking: /ws/install/gamesmanros_interfaces/share/gamesmanros_interfaces/cmake/ament_cmake_export_libraries-extras.cmake
-- Symlinking: /ws/install/gamesmanros_interfaces/share/gamesmanros_interfaces/cmake/ament_cmake_export_targets-extras.cmake
-- Symlinking: /ws/install/gamesmanros_interfaces/share/gamesmanros_interfaces/cmake/rosidl_cmake_export_typesupport_targets-extras.cmake
-- Symlinking: /ws/install/gamesmanros_interfaces/share/gamesmanros_interfaces/cmake/rosidl_cmake_export_typesupport_libraries-extras.cmake
-- Symlinking: /ws/install/gamesmanros_interfaces/share/gamesmanros_interfaces/cmake/rosidl_cmake_aggregate_target-extras.cmake
-- Symlinking: /ws/install/gamesmanros_interfaces/share/gamesmanros_interfaces/cmake/gamesmanros_interfacesConfig.cmake
-- Symlinking: /ws/install/gamesmanros_interfaces/share/gamesmanros_interfaces/cmake/gamesmanros_interfacesConfig-version.cmake
-- Symlinking: /ws/install/gamesmanros_interfaces/share/gamesmanros_interfaces/package.xml
-- Installing: /ws/install/gamesmanros_interfaces/lib/libgamesmanros_interfaces__rosidl_generator_c.so
-- Set runtime path of "/ws/install/gamesmanros_interfaces/lib/libgamesmanros_interfaces__rosidl_generator_c.so" to ""
-- Installing: /ws/install/gamesmanros_interfaces/lib/libgamesmanros_interfaces__rosidl_typesupport_fastrtps_c.so
-- Set runtime path of "/ws/install/gamesmanros_interfaces/lib/libgamesmanros_interfaces__rosidl_typesupport_fastrtps_c.so" to ""
-- Installing: /ws/install/gamesmanros_interfaces/lib/libgamesmanros_interfaces__rosidl_typesupport_introspection_c.so
-- Set runtime path of "/ws/install/gamesmanros_interfaces/lib/libgamesmanros_interfaces__rosidl_typesupport_introspection_c.so" to ""
-- Installing: /ws/install/gamesmanros_interfaces/lib/libgamesmanros_interfaces__rosidl_typesupport_c.so
-- Set runtime path of "/ws/install/gamesmanros_interfaces/lib/libgamesmanros_interfaces__rosidl_typesupport_c.so" to ""
-- Installing: /ws/install/gamesmanros_interfaces/lib/libgamesmanros_interfaces__rosidl_typesupport_fastrtps_cpp.so
-- Set runtime path of "/ws/install/gamesmanros_interfaces/lib/libgamesmanros_interfaces__rosidl_typesupport_fastrtps_cpp.so" to ""
-- Installing: /ws/install/gamesmanros_interfaces/lib/libgamesmanros_interfaces__rosidl_typesupport_introspection_cpp.so
-- Set runtime path of "/ws/install/gamesmanros_interfaces/lib/libgamesmanros_interfaces__rosidl_typesupport_introspection_cpp.so" to ""
-- Installing: /ws/install/gamesmanros_interfaces/lib/libgamesmanros_interfaces__rosidl_typesupport_cpp.so
-- Set runtime path of "/ws/install/gamesmanros_interfaces/lib/libgamesmanros_interfaces__rosidl_typesupport_cpp.so" to ""
Listing '/ws/install/gamesmanros_interfaces/local/lib/python3.10/dist-packages/gamesmanros_interfaces'...
Compiling '/ws/install/gamesmanros_interfaces/local/lib/python3.10/dist-packages/gamesmanros_interfaces/__init__.py'...
Listing '/ws/install/gamesmanros_interfaces/local/lib/python3.10/dist-packages/gamesmanros_interfaces/action'...
Compiling '/ws/install/gamesmanros_interfaces/local/lib/python3.10/dist-packages/gamesmanros_interfaces/action/__init__.py'...
Compiling '/ws/install/gamesmanros_interfaces/local/lib/python3.10/dist-packages/gamesmanros_interfaces/action/_execute_move.py'...
Compiling '/ws/install/gamesmanros_interfaces/local/lib/python3.10/dist-packages/gamesmanros_interfaces/action/_move_arm.py'...
Compiling '/ws/install/gamesmanros_interfaces/local/lib/python3.10/dist-packages/gamesmanros_interfaces/action/_move_gripper.py'...
Listing '/ws/install/gamesmanros_interfaces/local/lib/python3.10/dist-packages/gamesmanros_interfaces/msg'...
Compiling '/ws/install/gamesmanros_interfaces/local/lib/python3.10/dist-packages/gamesmanros_interfaces/msg/__init__.py'...
Compiling '/ws/install/gamesmanros_interfaces/local/lib/python3.10/dist-packages/gamesmanros_interfaces/msg/_game_state.py'...
-- Installing: /ws/install/gamesmanros_interfaces/lib/libgamesmanros_interfaces__rosidl_generator_py.so
-- Set runtime path of "/ws/install/gamesmanros_interfaces/lib/libgamesmanros_interfaces__rosidl_generator_py.so" to ""
-- Installing: /ws/install/gamesmanros_interfaces/share/gamesmanros_interfaces/cmake/export_gamesmanros_interfaces__rosidl_generator_cExport.cmake
-- Installing: /ws/install/gamesmanros_interfaces/share/gamesmanros_interfaces/cmake/export_gamesmanros_interfaces__rosidl_generator_cExport-noconfig.cmake
-- Installing: /ws/install/gamesmanros_interfaces/share/gamesmanros_interfaces/cmake/export_gamesmanros_interfaces__rosidl_typesupport_fastrtps_cExport.cmake
-- Installing: /ws/install/gamesmanros_interfaces/share/gamesmanros_interfaces/cmake/export_gamesmanros_interfaces__rosidl_typesupport_fastrtps_cExport-noconfig.cmake
-- Installing: /ws/install/gamesmanros_interfaces/share/gamesmanros_interfaces/cmake/gamesmanros_interfaces__rosidl_typesupport_introspection_cExport.cmake
-- Installing: /ws/install/gamesmanros_interfaces/share/gamesmanros_interfaces/cmake/gamesmanros_interfaces__rosidl_typesupport_introspection_cExport-noconfig.cmake
-- Installing: /ws/install/gamesmanros_interfaces/share/gamesmanros_interfaces/cmake/gamesmanros_interfaces__rosidl_typesupport_cExport.cmake
-- Installing: /ws/install/gamesmanros_interfaces/share/gamesmanros_interfaces/cmake/gamesmanros_interfaces__rosidl_typesupport_cExport-noconfig.cmake
-- Installing: /ws/install/gamesmanros_interfaces/share/gamesmanros_interfaces/cmake/export_gamesmanros_interfaces__rosidl_generator_cppExport.cmake
-- Installing: /ws/install/gamesmanros_interfaces/share/gamesmanros_interfaces/cmake/export_gamesmanros_interfaces__rosidl_typesupport_fastrtps_cppExport.cmake
-- Installing: /ws/install/gamesmanros_interfaces/share/gamesmanros_interfaces/cmake/export_gamesmanros_interfaces__rosidl_typesupport_fastrtps_cppExport-noconfig.cmake
-- Installing: /ws/install/gamesmanros_interfaces/share/gamesmanros_interfaces/cmake/gamesmanros_interfaces__rosidl_typesupport_introspection_cppExport.cmake
-- Installing: /ws/install/gamesmanros_interfaces/share/gamesmanros_interfaces/cmake/gamesmanros_interfaces__rosidl_typesupport_introspection_cppExport-noconfig.cmake
-- Installing: /ws/install/gamesmanros_interfaces/share/gamesmanros_interfaces/cmake/gamesmanros_interfaces__rosidl_typesupport_cppExport.cmake
-- Installing: /ws/install/gamesmanros_interfaces/share/gamesmanros_interfaces/cmake/gamesmanros_interfaces__rosidl_typesupport_cppExport-noconfig.cmake
-- Installing: /ws/install/gamesmanros_interfaces/share/gamesmanros_interfaces/cmake/export_gamesmanros_interfaces__rosidl_generator_pyExport.cmake
-- Installing: /ws/install/gamesmanros_interfaces/share/gamesmanros_interfaces/cmake/export_gamesmanros_interfaces__rosidl_generator_pyExport-noconfig.cmake
