[0.015s] Invoking command in '/ws/build/gamesmanros_interfaces': CMAKE_PREFIX_PATH=/opt/ros/humble /usr/bin/cmake /ws/src/gamesmanros_interfaces -DAMENT_CMAKE_SYMLINK_INSTALL=1 -DCMAKE_INSTALL_PREFIX=/ws/install/gamesmanros_interfaces
[0.180s] -- The C compiler identification is GNU 11.4.0
[0.258s] -- The CXX compiler identification is GNU 11.4.0
[0.267s] -- Detecting C compiler ABI info
[0.360s] -- Detecting C compiler ABI info - done
[0.368s] -- Check for working C compiler: /usr/bin/cc - skipped
[0.368s] -- Detecting C compile features
[0.369s] -- Detecting C compile features - done
[0.373s] -- Detecting CXX compiler ABI info
[0.472s] -- Detecting CXX compiler ABI info - done
[0.481s] -- Check for working CXX compiler: /usr/bin/c++ - skipped
[0.482s] -- Detecting CXX compile features
[0.482s] -- Detecting CXX compile features - done
[0.489s] -- Found ament_cmake: 1.3.14 (/opt/ros/humble/share/ament_cmake/cmake)
[0.587s] -- Found Python3: /usr/bin/python3 (found version "3.10.12") found components: Interpreter 
[0.644s] -- Override CMake install command with custom implementation using symlinks instead of copying resources
[0.674s] -- Found rosidl_default_generators: 1.2.1 (/opt/ros/humble/share/rosidl_default_generators/cmake)
[0.678s] -- Using all available rosidl_typesupport_c: rosidl_typesupport_fastrtps_c;rosidl_typesupport_introspection_c
[0.683s] -- Found rosidl_adapter: 3.1.9 (/opt/ros/humble/share/rosidl_adapter/cmake)
[0.714s] -- Using all available rosidl_typesupport_cpp: rosidl_typesupport_fastrtps_cpp;rosidl_typesupport_introspection_cpp
[0.744s] -- Found builtin_interfaces: 1.2.3 (/opt/ros/humble/share/builtin_interfaces/cmake)
[0.756s] -- Found std_msgs: 4.9.2 (/opt/ros/humble/share/std_msgs/cmake)
[1.092s] -- Found ament_cmake_ros: 0.10.0 (/opt/ros/humble/share/ament_cmake_ros/cmake)
[1.353s] -- Using all available rosidl_typesupport_c: rosidl_typesupport_fastrtps_c;rosidl_typesupport_introspection_c
[1.668s] -- Using all available rosidl_typesupport_cpp: rosidl_typesupport_fastrtps_cpp;rosidl_typesupport_introspection_cpp
[1.682s] -- Found PythonInterp: /usr/bin/python3 (found suitable version "3.10.12", minimum required is "3.6") 
[1.683s] -- Found python_cmake_module: 0.10.0 (/opt/ros/humble/share/python_cmake_module/cmake)
[1.698s] -- Found PythonLibs: /usr/lib/aarch64-linux-gnu/libpython3.10.so (found suitable version "3.10.12", minimum required is "3.5") 
[1.699s] -- Using PYTHON_EXECUTABLE: /usr/bin/python3
[1.699s] -- Using PYTHON_INCLUDE_DIRS: /usr/include/python3.10
[1.699s] -- Using PYTHON_LIBRARIES: /usr/lib/aarch64-linux-gnu/libpython3.10.so
[1.711s] -- Found PythonExtra: .so  
[1.936s] -- Configuring done
[2.162s] -- Generating done
[2.224s] -- Build files have been written to: /ws/build/gamesmanros_interfaces
[2.232s] Invoked command in '/ws/build/gamesmanros_interfaces' returned '0': CMAKE_PREFIX_PATH=/opt/ros/humble /usr/bin/cmake /ws/src/gamesmanros_interfaces -DAMENT_CMAKE_SYMLINK_INSTALL=1 -DCMAKE_INSTALL_PREFIX=/ws/install/gamesmanros_interfaces
[2.234s] Invoking command in '/ws/build/gamesmanros_interfaces': CMAKE_PREFIX_PATH=/opt/ros/humble /usr/bin/cmake --build /ws/build/gamesmanros_interfaces -- -j8 -l8
[2.279s] [  1%] Generating C code for ROS interfaces
[2.284s] [  3%] Generating Rust code for ROS interfaces
[2.291s] [  5%] Generating C++ code for ROS interfaces
[2.293s] [  5%] Built target ament_cmake_python_symlink_gamesmanros_interfaces
[2.516s] running egg_info
[2.517s] creating gamesmanros_interfaces.egg-info
[2.518s] writing gamesmanros_interfaces.egg-info/PKG-INFO
[2.519s] writing dependency_links to gamesmanros_interfaces.egg-info/dependency_links.txt
[2.523s] writing top-level names to gamesmanros_interfaces.egg-info/top_level.txt
[2.528s] writing manifest file 'gamesmanros_interfaces.egg-info/SOURCES.txt'
[2.538s] reading manifest file 'gamesmanros_interfaces.egg-info/SOURCES.txt'
[2.541s] writing manifest file 'gamesmanros_interfaces.egg-info/SOURCES.txt'
[2.570s] [  5%] Built target ament_cmake_python_build_gamesmanros_interfaces_egg
[2.690s] [  5%] Built target gamesmanros_interfaces__rs
[3.264s] [ 10%] Building C object CMakeFiles/gamesmanros_interfaces__rosidl_generator_c.dir/rosidl_generator_c/gamesmanros_interfaces/msg/detail/game_state__functions.c.o
[3.266s] [ 10%] Building C object CMakeFiles/gamesmanros_interfaces__rosidl_generator_c.dir/rosidl_generator_c/gamesmanros_interfaces/action/detail/move_arm__functions.c.o
[3.270s] [ 10%] Building C object CMakeFiles/gamesmanros_interfaces__rosidl_generator_c.dir/rosidl_generator_c/gamesmanros_interfaces/action/detail/move_gripper__functions.c.o
[3.278s] [ 12%] Building C object CMakeFiles/gamesmanros_interfaces__rosidl_generator_c.dir/rosidl_generator_c/gamesmanros_interfaces/action/detail/execute_move__functions.c.o
[3.362s] [ 12%] Built target gamesmanros_interfaces__cpp
[3.390s] [ 14%] Generating C++ introspection for ROS interfaces
[3.401s] [ 16%] Generating C++ type support dispatch for ROS interfaces
[3.403s] [ 17%] Generating C++ type support for eProsima Fast-RTPS
[3.549s] [ 19%] Linking C shared library libgamesmanros_interfaces__rosidl_generator_c.so
[3.702s] [ 19%] Built target gamesmanros_interfaces__rosidl_generator_c
[3.731s] [ 25%] Generating C introspection for ROS interfaces
[3.732s] [ 25%] Generating C type support dispatch for ROS interfaces
[3.734s] [ 25%] Generating C type support for eProsima Fast-RTPS
[4.350s] [ 30%] Building CXX object CMakeFiles/gamesmanros_interfaces__rosidl_typesupport_cpp.dir/rosidl_typesupport_cpp/gamesmanros_interfaces/action/move_arm__type_support.cpp.o
[4.354s] [ 30%] Building CXX object CMakeFiles/gamesmanros_interfaces__rosidl_typesupport_cpp.dir/rosidl_typesupport_cpp/gamesmanros_interfaces/action/move_gripper__type_support.cpp.o
[4.361s] [ 30%] Building CXX object CMakeFiles/gamesmanros_interfaces__rosidl_typesupport_cpp.dir/rosidl_typesupport_cpp/gamesmanros_interfaces/msg/game_state__type_support.cpp.o
[4.739s] [ 32%] Building CXX object CMakeFiles/gamesmanros_interfaces__rosidl_typesupport_introspection_cpp.dir/rosidl_typesupport_introspection_cpp/gamesmanros_interfaces/msg/detail/game_state__type_support.cpp.o
[4.765s] [ 33%] Building CXX object CMakeFiles/gamesmanros_interfaces__rosidl_typesupport_c.dir/rosidl_typesupport_c/gamesmanros_interfaces/msg/game_state__type_support.cpp.o
[4.898s] [ 35%] Building CXX object CMakeFiles/gamesmanros_interfaces__rosidl_typesupport_introspection_cpp.dir/rosidl_typesupport_introspection_cpp/gamesmanros_interfaces/action/detail/move_arm__type_support.cpp.o
[4.914s] [ 37%] Building CXX object CMakeFiles/gamesmanros_interfaces__rosidl_typesupport_c.dir/rosidl_typesupport_c/gamesmanros_interfaces/action/move_arm__type_support.cpp.o
[5.025s] [ 39%] Building CXX object CMakeFiles/gamesmanros_interfaces__rosidl_typesupport_c.dir/rosidl_typesupport_c/gamesmanros_interfaces/action/move_gripper__type_support.cpp.o
[5.149s] [ 41%] Building CXX object CMakeFiles/gamesmanros_interfaces__rosidl_typesupport_fastrtps_cpp.dir/rosidl_typesupport_fastrtps_cpp/gamesmanros_interfaces/msg/detail/dds_fastrtps/game_state__type_support.cpp.o
[5.161s] [ 42%] Building CXX object CMakeFiles/gamesmanros_interfaces__rosidl_typesupport_fastrtps_cpp.dir/rosidl_typesupport_fastrtps_cpp/gamesmanros_interfaces/action/detail/dds_fastrtps/move_arm__type_support.cpp.o
[5.175s] [ 44%] Building CXX object CMakeFiles/gamesmanros_interfaces__rosidl_typesupport_c.dir/rosidl_typesupport_c/gamesmanros_interfaces/action/execute_move__type_support.cpp.o
[5.182s] [ 46%] Building CXX object CMakeFiles/gamesmanros_interfaces__rosidl_typesupport_cpp.dir/rosidl_typesupport_cpp/gamesmanros_interfaces/action/execute_move__type_support.cpp.o
[5.271s] [ 48%] Building C object CMakeFiles/gamesmanros_interfaces__rosidl_typesupport_introspection_c.dir/rosidl_typesupport_introspection_c/gamesmanros_interfaces/msg/detail/game_state__type_support.c.o
[5.294s] [ 50%] Linking CXX shared library libgamesmanros_interfaces__rosidl_typesupport_c.so
[5.357s] [ 51%] Building CXX object CMakeFiles/gamesmanros_interfaces__rosidl_typesupport_fastrtps_c.dir/rosidl_typesupport_fastrtps_c/gamesmanros_interfaces/msg/detail/game_state__type_support_c.cpp.o
[5.412s] [ 53%] Building C object CMakeFiles/gamesmanros_interfaces__rosidl_typesupport_introspection_c.dir/rosidl_typesupport_introspection_c/gamesmanros_interfaces/action/detail/move_arm__type_support.c.o
[5.428s] [ 53%] Built target gamesmanros_interfaces__rosidl_typesupport_c
[5.447s] [ 55%] Building CXX object CMakeFiles/gamesmanros_interfaces__rosidl_typesupport_introspection_cpp.dir/rosidl_typesupport_introspection_cpp/gamesmanros_interfaces/action/detail/move_gripper__type_support.cpp.o
[5.455s] [ 57%] Building CXX object CMakeFiles/gamesmanros_interfaces__rosidl_typesupport_fastrtps_c.dir/rosidl_typesupport_fastrtps_c/gamesmanros_interfaces/action/detail/move_arm__type_support_c.cpp.o
[5.637s] [ 58%] Building C object CMakeFiles/gamesmanros_interfaces__rosidl_typesupport_introspection_c.dir/rosidl_typesupport_introspection_c/gamesmanros_interfaces/action/detail/move_gripper__type_support.c.o
[5.759s] [ 60%] Building C object CMakeFiles/gamesmanros_interfaces__rosidl_typesupport_introspection_c.dir/rosidl_typesupport_introspection_c/gamesmanros_interfaces/action/detail/execute_move__type_support.c.o
[5.905s] [ 62%] Linking C shared library libgamesmanros_interfaces__rosidl_typesupport_introspection_c.so
[5.935s] [ 64%] Building CXX object CMakeFiles/gamesmanros_interfaces__rosidl_typesupport_fastrtps_c.dir/rosidl_typesupport_fastrtps_c/gamesmanros_interfaces/action/detail/move_gripper__type_support_c.cpp.o
[5.953s] [ 66%] Linking CXX shared library libgamesmanros_interfaces__rosidl_typesupport_cpp.so
[5.975s] [ 67%] Building CXX object CMakeFiles/gamesmanros_interfaces__rosidl_typesupport_fastrtps_cpp.dir/rosidl_typesupport_fastrtps_cpp/gamesmanros_interfaces/action/detail/dds_fastrtps/move_gripper__type_support.cpp.o
[6.058s] [ 67%] Built target gamesmanros_interfaces__rosidl_typesupport_introspection_c
[6.078s] [ 71%] Building CXX object CMakeFiles/gamesmanros_interfaces__rosidl_typesupport_fastrtps_cpp.dir/rosidl_typesupport_fastrtps_cpp/gamesmanros_interfaces/action/detail/dds_fastrtps/execute_move__type_support.cpp.o
[6.085s] [ 71%] Building CXX object CMakeFiles/gamesmanros_interfaces__rosidl_typesupport_introspection_cpp.dir/rosidl_typesupport_introspection_cpp/gamesmanros_interfaces/action/detail/execute_move__type_support.cpp.o
[6.099s] [ 71%] Built target gamesmanros_interfaces__rosidl_typesupport_cpp
[6.122s] [ 73%] Building CXX object CMakeFiles/gamesmanros_interfaces__rosidl_typesupport_fastrtps_c.dir/rosidl_typesupport_fastrtps_c/gamesmanros_interfaces/action/detail/execute_move__type_support_c.cpp.o
[6.905s] [ 75%] Linking CXX shared library libgamesmanros_interfaces__rosidl_typesupport_fastrtps_c.so
[7.016s] [ 76%] Linking CXX shared library libgamesmanros_interfaces__rosidl_typesupport_fastrtps_cpp.so
[7.017s] [ 78%] Linking CXX shared library libgamesmanros_interfaces__rosidl_typesupport_introspection_cpp.so
[7.028s] [ 78%] Built target gamesmanros_interfaces__rosidl_typesupport_fastrtps_c
[7.115s] [ 78%] Built target gamesmanros_interfaces__rosidl_typesupport_introspection_cpp
[7.117s] [ 78%] Built target gamesmanros_interfaces__rosidl_typesupport_fastrtps_cpp
[7.139s] [ 78%] Built target gamesmanros_interfaces
[7.163s] [ 80%] Generating Python code for ROS interfaces
[8.601s] [ 80%] Built target gamesmanros_interfaces__py
[8.622s] [ 87%] Building C object CMakeFiles/gamesmanros_interfaces__rosidl_generator_py.dir/rosidl_generator_py/gamesmanros_interfaces/msg/_game_state_s.c.o
[8.625s] [ 87%] Building C object CMakeFiles/gamesmanros_interfaces__rosidl_generator_py.dir/rosidl_generator_py/gamesmanros_interfaces/action/_move_arm_s.c.o
[8.629s] [ 87%] Building C object CMakeFiles/gamesmanros_interfaces__rosidl_generator_py.dir/rosidl_generator_py/gamesmanros_interfaces/action/_move_gripper_s.c.o
[8.630s] [ 87%] Building C object CMakeFiles/gamesmanros_interfaces__rosidl_generator_py.dir/rosidl_generator_py/gamesmanros_interfaces/action/_execute_move_s.c.o
[8.897s] [ 89%] Linking C shared library rosidl_generator_py/gamesmanros_interfaces/libgamesmanros_interfaces__rosidl_generator_py.so
[8.983s] [ 89%] Built target gamesmanros_interfaces__rosidl_generator_py
[9.012s] [ 94%] Building C object CMakeFiles/gamesmanros_interfaces__rosidl_typesupport_introspection_c__pyext.dir/rosidl_generator_py/gamesmanros_interfaces/_gamesmanros_interfaces_s.ep.rosidl_typesupport_introspection_c.c.o
[9.012s] [ 94%] Building C object CMakeFiles/gamesmanros_interfaces__rosidl_typesupport_fastrtps_c__pyext.dir/rosidl_generator_py/gamesmanros_interfaces/_gamesmanros_interfaces_s.ep.rosidl_typesupport_fastrtps_c.c.o
[9.012s] [ 94%] Building C object CMakeFiles/gamesmanros_interfaces__rosidl_typesupport_c__pyext.dir/rosidl_generator_py/gamesmanros_interfaces/_gamesmanros_interfaces_s.ep.rosidl_typesupport_c.c.o
[9.199s] [100%] Linking C shared library rosidl_generator_py/gamesmanros_interfaces/gamesmanros_interfaces_s__rosidl_typesupport_fastrtps_c.cpython-310-aarch64-linux-gnu.so
[9.200s] [100%] Linking C shared library rosidl_generator_py/gamesmanros_interfaces/gamesmanros_interfaces_s__rosidl_typesupport_c.cpython-310-aarch64-linux-gnu.so
[9.201s] [100%] Linking C shared library rosidl_generator_py/gamesmanros_interfaces/gamesmanros_interfaces_s__rosidl_typesupport_introspection_c.cpython-310-aarch64-linux-gnu.so
[9.271s] [100%] Built target gamesmanros_interfaces__rosidl_typesupport_introspection_c__pyext
[9.271s] [100%] Built target gamesmanros_interfaces__rosidl_typesupport_fastrtps_c__pyext
[9.271s] [100%] Built target gamesmanros_interfaces__rosidl_typesupport_c__pyext
[9.299s] Invoked command in '/ws/build/gamesmanros_interfaces' returned '0': CMAKE_PREFIX_PATH=/opt/ros/humble /usr/bin/cmake --build /ws/build/gamesmanros_interfaces -- -j8 -l8
[9.316s] Invoking command in '/ws/build/gamesmanros_interfaces': CMAKE_PREFIX_PATH=/opt/ros/humble /usr/bin/cmake --install /ws/build/gamesmanros_interfaces
[9.324s] -- Install configuration: ""
[9.326s] -- Execute custom install script
[9.329s] -- Symlinking: /ws/install/gamesmanros_interfaces/share/ament_index/resource_index/rosidl_interfaces/gamesmanros_interfaces
[9.342s] -- Symlinking: /ws/install/gamesmanros_interfaces/include/gamesmanros_interfaces/gamesmanros_interfaces/action/detail/execute_move__functions.h
[9.350s] -- Symlinking: /ws/install/gamesmanros_interfaces/include/gamesmanros_interfaces/gamesmanros_interfaces/action/detail/execute_move__struct.h
[9.359s] -- Symlinking: /ws/install/gamesmanros_interfaces/include/gamesmanros_interfaces/gamesmanros_interfaces/action/detail/execute_move__type_support.h
[9.368s] -- Symlinking: /ws/install/gamesmanros_interfaces/include/gamesmanros_interfaces/gamesmanros_interfaces/action/detail/move_arm__functions.h
[9.377s] -- Symlinking: /ws/install/gamesmanros_interfaces/include/gamesmanros_interfaces/gamesmanros_interfaces/action/detail/move_arm__struct.h
[9.385s] -- Symlinking: /ws/install/gamesmanros_interfaces/include/gamesmanros_interfaces/gamesmanros_interfaces/action/detail/move_arm__type_support.h
[9.394s] -- Symlinking: /ws/install/gamesmanros_interfaces/include/gamesmanros_interfaces/gamesmanros_interfaces/action/detail/move_gripper__functions.h
[9.402s] -- Symlinking: /ws/install/gamesmanros_interfaces/include/gamesmanros_interfaces/gamesmanros_interfaces/action/detail/move_gripper__struct.h
[9.410s] -- Symlinking: /ws/install/gamesmanros_interfaces/include/gamesmanros_interfaces/gamesmanros_interfaces/action/detail/move_gripper__type_support.h
[9.418s] -- Symlinking: /ws/install/gamesmanros_interfaces/include/gamesmanros_interfaces/gamesmanros_interfaces/action/execute_move.h
[9.426s] -- Symlinking: /ws/install/gamesmanros_interfaces/include/gamesmanros_interfaces/gamesmanros_interfaces/action/move_arm.h
[9.433s] -- Symlinking: /ws/install/gamesmanros_interfaces/include/gamesmanros_interfaces/gamesmanros_interfaces/action/move_gripper.h
[9.443s] -- Symlinking: /ws/install/gamesmanros_interfaces/include/gamesmanros_interfaces/gamesmanros_interfaces/msg/detail/game_state__functions.h
[9.451s] -- Symlinking: /ws/install/gamesmanros_interfaces/include/gamesmanros_interfaces/gamesmanros_interfaces/msg/detail/game_state__struct.h
[9.458s] -- Symlinking: /ws/install/gamesmanros_interfaces/include/gamesmanros_interfaces/gamesmanros_interfaces/msg/detail/game_state__type_support.h
[9.464s] -- Symlinking: /ws/install/gamesmanros_interfaces/include/gamesmanros_interfaces/gamesmanros_interfaces/msg/game_state.h
[9.470s] -- Symlinking: /ws/install/gamesmanros_interfaces/include/gamesmanros_interfaces/gamesmanros_interfaces/msg/rosidl_generator_c__visibility_control.h
[9.477s] -- Symlinking: /ws/install/gamesmanros_interfaces/share/gamesmanros_interfaces/environment/library_path.sh
[9.483s] -- Symlinking: /ws/install/gamesmanros_interfaces/share/gamesmanros_interfaces/environment/library_path.dsv
[9.491s] -- Symlinking: /ws/install/gamesmanros_interfaces/include/gamesmanros_interfaces/gamesmanros_interfaces/action/detail/execute_move__rosidl_typesupport_fastrtps_c.h
[9.497s] -- Symlinking: /ws/install/gamesmanros_interfaces/include/gamesmanros_interfaces/gamesmanros_interfaces/action/detail/move_arm__rosidl_typesupport_fastrtps_c.h
[9.503s] -- Symlinking: /ws/install/gamesmanros_interfaces/include/gamesmanros_interfaces/gamesmanros_interfaces/action/detail/move_gripper__rosidl_typesupport_fastrtps_c.h
[9.509s] -- Symlinking: /ws/install/gamesmanros_interfaces/include/gamesmanros_interfaces/gamesmanros_interfaces/msg/detail/game_state__rosidl_typesupport_fastrtps_c.h
[9.516s] -- Symlinking: /ws/install/gamesmanros_interfaces/include/gamesmanros_interfaces/gamesmanros_interfaces/msg/rosidl_typesupport_fastrtps_c__visibility_control.h
[9.523s] -- Symlinking: /ws/install/gamesmanros_interfaces/include/gamesmanros_interfaces/gamesmanros_interfaces/action/detail/execute_move__rosidl_typesupport_introspection_c.h
[9.529s] -- Symlinking: /ws/install/gamesmanros_interfaces/include/gamesmanros_interfaces/gamesmanros_interfaces/action/detail/move_arm__rosidl_typesupport_introspection_c.h
[9.535s] -- Symlinking: /ws/install/gamesmanros_interfaces/include/gamesmanros_interfaces/gamesmanros_interfaces/action/detail/move_gripper__rosidl_typesupport_introspection_c.h
[9.542s] -- Symlinking: /ws/install/gamesmanros_interfaces/include/gamesmanros_interfaces/gamesmanros_interfaces/msg/detail/game_state__rosidl_typesupport_introspection_c.h
[9.548s] -- Symlinking: /ws/install/gamesmanros_interfaces/include/gamesmanros_interfaces/gamesmanros_interfaces/msg/rosidl_typesupport_introspection_c__visibility_control.h
[9.556s] -- Symlinking: /ws/install/gamesmanros_interfaces/include/gamesmanros_interfaces/gamesmanros_interfaces/action/detail/execute_move__builder.hpp
[9.562s] -- Symlinking: /ws/install/gamesmanros_interfaces/include/gamesmanros_interfaces/gamesmanros_interfaces/action/detail/execute_move__struct.hpp
[9.571s] -- Symlinking: /ws/install/gamesmanros_interfaces/include/gamesmanros_interfaces/gamesmanros_interfaces/action/detail/execute_move__traits.hpp
[9.578s] -- Symlinking: /ws/install/gamesmanros_interfaces/include/gamesmanros_interfaces/gamesmanros_interfaces/action/detail/execute_move__type_support.hpp
[9.584s] -- Symlinking: /ws/install/gamesmanros_interfaces/include/gamesmanros_interfaces/gamesmanros_interfaces/action/detail/move_arm__builder.hpp
[9.593s] -- Symlinking: /ws/install/gamesmanros_interfaces/include/gamesmanros_interfaces/gamesmanros_interfaces/action/detail/move_arm__struct.hpp
[9.603s] -- Symlinking: /ws/install/gamesmanros_interfaces/include/gamesmanros_interfaces/gamesmanros_interfaces/action/detail/move_arm__traits.hpp
[9.609s] -- Symlinking: /ws/install/gamesmanros_interfaces/include/gamesmanros_interfaces/gamesmanros_interfaces/action/detail/move_arm__type_support.hpp
[9.616s] -- Symlinking: /ws/install/gamesmanros_interfaces/include/gamesmanros_interfaces/gamesmanros_interfaces/action/detail/move_gripper__builder.hpp
[9.624s] -- Symlinking: /ws/install/gamesmanros_interfaces/include/gamesmanros_interfaces/gamesmanros_interfaces/action/detail/move_gripper__struct.hpp
[9.632s] -- Symlinking: /ws/install/gamesmanros_interfaces/include/gamesmanros_interfaces/gamesmanros_interfaces/action/detail/move_gripper__traits.hpp
[9.641s] -- Symlinking: /ws/install/gamesmanros_interfaces/include/gamesmanros_interfaces/gamesmanros_interfaces/action/detail/move_gripper__type_support.hpp
[9.648s] -- Symlinking: /ws/install/gamesmanros_interfaces/include/gamesmanros_interfaces/gamesmanros_interfaces/action/execute_move.hpp
[9.654s] -- Symlinking: /ws/install/gamesmanros_interfaces/include/gamesmanros_interfaces/gamesmanros_interfaces/action/move_arm.hpp
[9.661s] -- Symlinking: /ws/install/gamesmanros_interfaces/include/gamesmanros_interfaces/gamesmanros_interfaces/action/move_gripper.hpp
[9.667s] -- Symlinking: /ws/install/gamesmanros_interfaces/include/gamesmanros_interfaces/gamesmanros_interfaces/msg/detail/game_state__builder.hpp
[9.673s] -- Symlinking: /ws/install/gamesmanros_interfaces/include/gamesmanros_interfaces/gamesmanros_interfaces/msg/detail/game_state__struct.hpp
[9.679s] -- Symlinking: /ws/install/gamesmanros_interfaces/include/gamesmanros_interfaces/gamesmanros_interfaces/msg/detail/game_state__traits.hpp
[9.686s] -- Symlinking: /ws/install/gamesmanros_interfaces/include/gamesmanros_interfaces/gamesmanros_interfaces/msg/detail/game_state__type_support.hpp
[9.692s] -- Symlinking: /ws/install/gamesmanros_interfaces/include/gamesmanros_interfaces/gamesmanros_interfaces/msg/game_state.hpp
[9.699s] -- Symlinking: /ws/install/gamesmanros_interfaces/include/gamesmanros_interfaces/gamesmanros_interfaces/msg/rosidl_generator_cpp__visibility_control.hpp
[9.711s] -- Symlinking: /ws/install/gamesmanros_interfaces/include/gamesmanros_interfaces/gamesmanros_interfaces/action/detail/execute_move__rosidl_typesupport_fastrtps_cpp.hpp
[9.721s] -- Symlinking: /ws/install/gamesmanros_interfaces/include/gamesmanros_interfaces/gamesmanros_interfaces/action/detail/move_arm__rosidl_typesupport_fastrtps_cpp.hpp
[9.727s] -- Symlinking: /ws/install/gamesmanros_interfaces/include/gamesmanros_interfaces/gamesmanros_interfaces/action/detail/move_gripper__rosidl_typesupport_fastrtps_cpp.hpp
[9.734s] -- Symlinking: /ws/install/gamesmanros_interfaces/include/gamesmanros_interfaces/gamesmanros_interfaces/msg/detail/game_state__rosidl_typesupport_fastrtps_cpp.hpp
[9.740s] -- Symlinking: /ws/install/gamesmanros_interfaces/include/gamesmanros_interfaces/gamesmanros_interfaces/msg/rosidl_typesupport_fastrtps_cpp__visibility_control.h
[9.749s] -- Symlinking: /ws/install/gamesmanros_interfaces/include/gamesmanros_interfaces/gamesmanros_interfaces/action/detail/execute_move__rosidl_typesupport_introspection_cpp.hpp
[9.755s] -- Symlinking: /ws/install/gamesmanros_interfaces/include/gamesmanros_interfaces/gamesmanros_interfaces/action/detail/move_arm__rosidl_typesupport_introspection_cpp.hpp
[9.761s] -- Symlinking: /ws/install/gamesmanros_interfaces/include/gamesmanros_interfaces/gamesmanros_interfaces/action/detail/move_gripper__rosidl_typesupport_introspection_cpp.hpp
[9.767s] -- Symlinking: /ws/install/gamesmanros_interfaces/include/gamesmanros_interfaces/gamesmanros_interfaces/msg/detail/game_state__rosidl_typesupport_introspection_cpp.hpp
[9.774s] -- Symlinking: /ws/install/gamesmanros_interfaces/share/gamesmanros_interfaces/environment/pythonpath.sh
[9.780s] -- Symlinking: /ws/install/gamesmanros_interfaces/share/gamesmanros_interfaces/environment/pythonpath.dsv
[9.788s] -- Symlinking: /ws/install/gamesmanros_interfaces/local/lib/python3.10/dist-packages/gamesmanros_interfaces-0.1.0-py3.10.egg-info/PKG-INFO
[9.794s] -- Symlinking: /ws/install/gamesmanros_interfaces/local/lib/python3.10/dist-packages/gamesmanros_interfaces-0.1.0-py3.10.egg-info/SOURCES.txt
[9.801s] -- Symlinking: /ws/install/gamesmanros_interfaces/local/lib/python3.10/dist-packages/gamesmanros_interfaces-0.1.0-py3.10.egg-info/dependency_links.txt
[9.806s] -- Symlinking: /ws/install/gamesmanros_interfaces/local/lib/python3.10/dist-packages/gamesmanros_interfaces-0.1.0-py3.10.egg-info/top_level.txt
[9.815s] -- Symlinking: /ws/install/gamesmanros_interfaces/local/lib/python3.10/dist-packages/gamesmanros_interfaces/__init__.py
[9.821s] -- Symlinking: /ws/install/gamesmanros_interfaces/local/lib/python3.10/dist-packages/gamesmanros_interfaces/_gamesmanros_interfaces_s.ep.rosidl_typesupport_c.c
[9.828s] -- Symlinking: /ws/install/gamesmanros_interfaces/local/lib/python3.10/dist-packages/gamesmanros_interfaces/_gamesmanros_interfaces_s.ep.rosidl_typesupport_fastrtps_c.c
[9.834s] -- Symlinking: /ws/install/gamesmanros_interfaces/local/lib/python3.10/dist-packages/gamesmanros_interfaces/_gamesmanros_interfaces_s.ep.rosidl_typesupport_introspection_c.c
[9.841s] -- Symlinking: /ws/install/gamesmanros_interfaces/local/lib/python3.10/dist-packages/gamesmanros_interfaces/action/__init__.py
[9.848s] -- Symlinking: /ws/install/gamesmanros_interfaces/local/lib/python3.10/dist-packages/gamesmanros_interfaces/action/_execute_move.py
[9.856s] -- Symlinking: /ws/install/gamesmanros_interfaces/local/lib/python3.10/dist-packages/gamesmanros_interfaces/action/_execute_move_s.c
[9.863s] -- Symlinking: /ws/install/gamesmanros_interfaces/local/lib/python3.10/dist-packages/gamesmanros_interfaces/action/_move_arm.py
[9.869s] -- Symlinking: /ws/install/gamesmanros_interfaces/local/lib/python3.10/dist-packages/gamesmanros_interfaces/action/_move_arm_s.c
[9.876s] -- Symlinking: /ws/install/gamesmanros_interfaces/local/lib/python3.10/dist-packages/gamesmanros_interfaces/action/_move_gripper.py
[9.883s] -- Symlinking: /ws/install/gamesmanros_interfaces/local/lib/python3.10/dist-packages/gamesmanros_interfaces/action/_move_gripper_s.c
[9.889s] -- Symlinking: /ws/install/gamesmanros_interfaces/local/lib/python3.10/dist-packages/gamesmanros_interfaces/gamesmanros_interfaces_s__rosidl_typesupport_c.cpython-310-aarch64-linux-gnu.so
[9.895s] -- Symlinking: /ws/install/gamesmanros_interfaces/local/lib/python3.10/dist-packages/gamesmanros_interfaces/gamesmanros_interfaces_s__rosidl_typesupport_fastrtps_c.cpython-310-aarch64-linux-gnu.so
[9.901s] -- Symlinking: /ws/install/gamesmanros_interfaces/local/lib/python3.10/dist-packages/gamesmanros_interfaces/gamesmanros_interfaces_s__rosidl_typesupport_introspection_c.cpython-310-aarch64-linux-gnu.so
[9.908s] -- Symlinking: /ws/install/gamesmanros_interfaces/local/lib/python3.10/dist-packages/gamesmanros_interfaces/libgamesmanros_interfaces__rosidl_generator_py.so
[9.915s] -- Symlinking: /ws/install/gamesmanros_interfaces/local/lib/python3.10/dist-packages/gamesmanros_interfaces/msg/__init__.py
[9.921s] -- Symlinking: /ws/install/gamesmanros_interfaces/local/lib/python3.10/dist-packages/gamesmanros_interfaces/msg/_game_state.py
[9.928s] -- Symlinking: /ws/install/gamesmanros_interfaces/local/lib/python3.10/dist-packages/gamesmanros_interfaces/msg/_game_state_s.c
[9.936s] -- Up-to-date symlink: /ws/install/gamesmanros_interfaces/local/lib/python3.10/dist-packages/gamesmanros_interfaces/gamesmanros_interfaces_s__rosidl_typesupport_fastrtps_c.cpython-310-aarch64-linux-gnu.so
[9.937s] -- Up-to-date symlink: /ws/install/gamesmanros_interfaces/local/lib/python3.10/dist-packages/gamesmanros_interfaces/gamesmanros_interfaces_s__rosidl_typesupport_introspection_c.cpython-310-aarch64-linux-gnu.so
[9.937s] -- Up-to-date symlink: /ws/install/gamesmanros_interfaces/local/lib/python3.10/dist-packages/gamesmanros_interfaces/gamesmanros_interfaces_s__rosidl_typesupport_c.cpython-310-aarch64-linux-gnu.so
[9.939s] -- Symlinking: /ws/install/gamesmanros_interfaces/share/ament_index/resource_index/rust_packages/gamesmanros_interfaces
[9.948s] -- Symlinking: /ws/install/gamesmanros_interfaces/share/gamesmanros_interfaces/rust/Cargo.toml
[9.956s] -- Symlinking: /ws/install/gamesmanros_interfaces/share/gamesmanros_interfaces/rust/build.rs
[9.964s] -- Symlinking: /ws/install/gamesmanros_interfaces/share/gamesmanros_interfaces/rust/src/action.rs
[9.975s] -- Symlinking: /ws/install/gamesmanros_interfaces/share/gamesmanros_interfaces/rust/src/action/rmw.rs
[9.991s] -- Symlinking: /ws/install/gamesmanros_interfaces/share/gamesmanros_interfaces/rust/src/lib.rs
[10.001s] -- Symlinking: /ws/install/gamesmanros_interfaces/share/gamesmanros_interfaces/rust/src/msg.rs
[10.008s] -- Symlinking: /ws/install/gamesmanros_interfaces/share/gamesmanros_interfaces/rust/src/msg/rmw.rs
[10.016s] -- Symlinking: /ws/install/gamesmanros_interfaces/share/gamesmanros_interfaces/msg/GameState.idl
[10.023s] -- Symlinking: /ws/install/gamesmanros_interfaces/share/gamesmanros_interfaces/action/MoveArm.idl
[10.029s] -- Symlinking: /ws/install/gamesmanros_interfaces/share/gamesmanros_interfaces/action/MoveGripper.idl
[10.036s] -- Symlinking: /ws/install/gamesmanros_interfaces/share/gamesmanros_interfaces/action/ExecuteMove.idl
[10.042s] -- Symlinking: /ws/install/gamesmanros_interfaces/share/gamesmanros_interfaces/msg/GameState.msg
[10.049s] -- Symlinking: /ws/install/gamesmanros_interfaces/share/gamesmanros_interfaces/action/MoveArm.action
[10.055s] -- Symlinking: /ws/install/gamesmanros_interfaces/share/gamesmanros_interfaces/action/MoveGripper.action
[10.062s] -- Symlinking: /ws/install/gamesmanros_interfaces/share/gamesmanros_interfaces/action/ExecuteMove.action
[10.069s] -- Symlinking: /ws/install/gamesmanros_interfaces/share/ament_index/resource_index/package_run_dependencies/gamesmanros_interfaces
[10.075s] -- Symlinking: /ws/install/gamesmanros_interfaces/share/ament_index/resource_index/parent_prefix_path/gamesmanros_interfaces
[10.082s] -- Symlinking: /ws/install/gamesmanros_interfaces/share/gamesmanros_interfaces/environment/ament_prefix_path.sh
[10.089s] -- Symlinking: /ws/install/gamesmanros_interfaces/share/gamesmanros_interfaces/environment/ament_prefix_path.dsv
[10.096s] -- Symlinking: /ws/install/gamesmanros_interfaces/share/gamesmanros_interfaces/environment/path.sh
[10.102s] -- Symlinking: /ws/install/gamesmanros_interfaces/share/gamesmanros_interfaces/environment/path.dsv
[10.108s] -- Symlinking: /ws/install/gamesmanros_interfaces/share/gamesmanros_interfaces/local_setup.bash
[10.115s] -- Symlinking: /ws/install/gamesmanros_interfaces/share/gamesmanros_interfaces/local_setup.sh
[10.121s] -- Symlinking: /ws/install/gamesmanros_interfaces/share/gamesmanros_interfaces/local_setup.zsh
[10.128s] -- Symlinking: /ws/install/gamesmanros_interfaces/share/gamesmanros_interfaces/local_setup.dsv
[10.134s] -- Symlinking: /ws/install/gamesmanros_interfaces/share/gamesmanros_interfaces/package.dsv
[10.141s] -- Symlinking: /ws/install/gamesmanros_interfaces/share/ament_index/resource_index/packages/gamesmanros_interfaces
[10.150s] -- Symlinking: /ws/install/gamesmanros_interfaces/share/gamesmanros_interfaces/cmake/rosidl_cmake-extras.cmake
[10.157s] -- Symlinking: /ws/install/gamesmanros_interfaces/share/gamesmanros_interfaces/cmake/ament_cmake_export_dependencies-extras.cmake
[10.164s] -- Symlinking: /ws/install/gamesmanros_interfaces/share/gamesmanros_interfaces/cmake/ament_cmake_export_include_directories-extras.cmake
[10.170s] -- Symlinking: /ws/install/gamesmanros_interfaces/share/gamesmanros_interfaces/cmake/ament_cmake_export_libraries-extras.cmake
[10.178s] -- Symlinking: /ws/install/gamesmanros_interfaces/share/gamesmanros_interfaces/cmake/ament_cmake_export_targets-extras.cmake
[10.185s] -- Symlinking: /ws/install/gamesmanros_interfaces/share/gamesmanros_interfaces/cmake/rosidl_cmake_export_typesupport_targets-extras.cmake
[10.193s] -- Symlinking: /ws/install/gamesmanros_interfaces/share/gamesmanros_interfaces/cmake/rosidl_cmake_export_typesupport_libraries-extras.cmake
[10.202s] -- Symlinking: /ws/install/gamesmanros_interfaces/share/gamesmanros_interfaces/cmake/rosidl_cmake_aggregate_target-extras.cmake
[10.208s] -- Symlinking: /ws/install/gamesmanros_interfaces/share/gamesmanros_interfaces/cmake/gamesmanros_interfacesConfig.cmake
[10.215s] -- Symlinking: /ws/install/gamesmanros_interfaces/share/gamesmanros_interfaces/cmake/gamesmanros_interfacesConfig-version.cmake
[10.222s] -- Symlinking: /ws/install/gamesmanros_interfaces/share/gamesmanros_interfaces/package.xml
[10.229s] -- Installing: /ws/install/gamesmanros_interfaces/lib/libgamesmanros_interfaces__rosidl_generator_c.so
[10.232s] -- Set runtime path of "/ws/install/gamesmanros_interfaces/lib/libgamesmanros_interfaces__rosidl_generator_c.so" to ""
[10.233s] -- Installing: /ws/install/gamesmanros_interfaces/lib/libgamesmanros_interfaces__rosidl_typesupport_fastrtps_c.so
[10.236s] -- Set runtime path of "/ws/install/gamesmanros_interfaces/lib/libgamesmanros_interfaces__rosidl_typesupport_fastrtps_c.so" to ""
[10.236s] -- Installing: /ws/install/gamesmanros_interfaces/lib/libgamesmanros_interfaces__rosidl_typesupport_introspection_c.so
[10.239s] -- Set runtime path of "/ws/install/gamesmanros_interfaces/lib/libgamesmanros_interfaces__rosidl_typesupport_introspection_c.so" to ""
[10.240s] -- Installing: /ws/install/gamesmanros_interfaces/lib/libgamesmanros_interfaces__rosidl_typesupport_c.so
[10.242s] -- Set runtime path of "/ws/install/gamesmanros_interfaces/lib/libgamesmanros_interfaces__rosidl_typesupport_c.so" to ""
[10.243s] -- Installing: /ws/install/gamesmanros_interfaces/lib/libgamesmanros_interfaces__rosidl_typesupport_fastrtps_cpp.so
[10.257s] -- Set runtime path of "/ws/install/gamesmanros_interfaces/lib/libgamesmanros_interfaces__rosidl_typesupport_fastrtps_cpp.so" to ""
[10.259s] -- Installing: /ws/install/gamesmanros_interfaces/lib/libgamesmanros_interfaces__rosidl_typesupport_introspection_cpp.so
[10.263s] -- Set runtime path of "/ws/install/gamesmanros_interfaces/lib/libgamesmanros_interfaces__rosidl_typesupport_introspection_cpp.so" to ""
[10.263s] -- Installing: /ws/install/gamesmanros_interfaces/lib/libgamesmanros_interfaces__rosidl_typesupport_cpp.so
[10.266s] -- Set runtime path of "/ws/install/gamesmanros_interfaces/lib/libgamesmanros_interfaces__rosidl_typesupport_cpp.so" to ""
[10.319s] Listing '/ws/install/gamesmanros_interfaces/local/lib/python3.10/dist-packages/gamesmanros_interfaces'...
[10.319s] Compiling '/ws/install/gamesmanros_interfaces/local/lib/python3.10/dist-packages/gamesmanros_interfaces/__init__.py'...
[10.319s] Listing '/ws/install/gamesmanros_interfaces/local/lib/python3.10/dist-packages/gamesmanros_interfaces/action'...
[10.320s] Compiling '/ws/install/gamesmanros_interfaces/local/lib/python3.10/dist-packages/gamesmanros_interfaces/action/__init__.py'...
[10.320s] Compiling '/ws/install/gamesmanros_interfaces/local/lib/python3.10/dist-packages/gamesmanros_interfaces/action/_execute_move.py'...
[10.320s] Compiling '/ws/install/gamesmanros_interfaces/local/lib/python3.10/dist-packages/gamesmanros_interfaces/action/_move_arm.py'...
[10.321s] Compiling '/ws/install/gamesmanros_interfaces/local/lib/python3.10/dist-packages/gamesmanros_interfaces/action/_move_gripper.py'...
[10.321s] Listing '/ws/install/gamesmanros_interfaces/local/lib/python3.10/dist-packages/gamesmanros_interfaces/msg'...
[10.321s] Compiling '/ws/install/gamesmanros_interfaces/local/lib/python3.10/dist-packages/gamesmanros_interfaces/msg/__init__.py'...
[10.321s] Compiling '/ws/install/gamesmanros_interfaces/local/lib/python3.10/dist-packages/gamesmanros_interfaces/msg/_game_state.py'...
[10.323s] -- Installing: /ws/install/gamesmanros_interfaces/lib/libgamesmanros_interfaces__rosidl_generator_py.so
[10.326s] -- Set runtime path of "/ws/install/gamesmanros_interfaces/lib/libgamesmanros_interfaces__rosidl_generator_py.so" to ""
[10.327s] -- Installing: /ws/install/gamesmanros_interfaces/share/gamesmanros_interfaces/cmake/export_gamesmanros_interfaces__rosidl_generator_cExport.cmake
[10.328s] -- Installing: /ws/install/gamesmanros_interfaces/share/gamesmanros_interfaces/cmake/export_gamesmanros_interfaces__rosidl_generator_cExport-noconfig.cmake
[10.330s] -- Installing: /ws/install/gamesmanros_interfaces/share/gamesmanros_interfaces/cmake/export_gamesmanros_interfaces__rosidl_typesupport_fastrtps_cExport.cmake
[10.332s] -- Installing: /ws/install/gamesmanros_interfaces/share/gamesmanros_interfaces/cmake/export_gamesmanros_interfaces__rosidl_typesupport_fastrtps_cExport-noconfig.cmake
[10.334s] -- Installing: /ws/install/gamesmanros_interfaces/share/gamesmanros_interfaces/cmake/gamesmanros_interfaces__rosidl_typesupport_introspection_cExport.cmake
[10.336s] -- Installing: /ws/install/gamesmanros_interfaces/share/gamesmanros_interfaces/cmake/gamesmanros_interfaces__rosidl_typesupport_introspection_cExport-noconfig.cmake
[10.359s] -- Installing: /ws/install/gamesmanros_interfaces/share/gamesmanros_interfaces/cmake/gamesmanros_interfaces__rosidl_typesupport_cExport.cmake
[10.361s] -- Installing: /ws/install/gamesmanros_interfaces/share/gamesmanros_interfaces/cmake/gamesmanros_interfaces__rosidl_typesupport_cExport-noconfig.cmake
[10.363s] -- Installing: /ws/install/gamesmanros_interfaces/share/gamesmanros_interfaces/cmake/export_gamesmanros_interfaces__rosidl_generator_cppExport.cmake
[10.365s] -- Installing: /ws/install/gamesmanros_interfaces/share/gamesmanros_interfaces/cmake/export_gamesmanros_interfaces__rosidl_typesupport_fastrtps_cppExport.cmake
[10.367s] -- Installing: /ws/install/gamesmanros_interfaces/share/gamesmanros_interfaces/cmake/export_gamesmanros_interfaces__rosidl_typesupport_fastrtps_cppExport-noconfig.cmake
[10.368s] -- Installing: /ws/install/gamesmanros_interfaces/share/gamesmanros_interfaces/cmake/gamesmanros_interfaces__rosidl_typesupport_introspection_cppExport.cmake
[10.370s] -- Installing: /ws/install/gamesmanros_interfaces/share/gamesmanros_interfaces/cmake/gamesmanros_interfaces__rosidl_typesupport_introspection_cppExport-noconfig.cmake
[10.371s] -- Installing: /ws/install/gamesmanros_interfaces/share/gamesmanros_interfaces/cmake/gamesmanros_interfaces__rosidl_typesupport_cppExport.cmake
[10.372s] -- Installing: /ws/install/gamesmanros_interfaces/share/gamesmanros_interfaces/cmake/gamesmanros_interfaces__rosidl_typesupport_cppExport-noconfig.cmake
[10.374s] -- Installing: /ws/install/gamesmanros_interfaces/share/gamesmanros_interfaces/cmake/export_gamesmanros_interfaces__rosidl_generator_pyExport.cmake
[10.375s] -- Installing: /ws/install/gamesmanros_interfaces/share/gamesmanros_interfaces/cmake/export_gamesmanros_interfaces__rosidl_generator_pyExport-noconfig.cmake
[10.383s] Invoked command in '/ws/build/gamesmanros_interfaces' returned '0': CMAKE_PREFIX_PATH=/opt/ros/humble /usr/bin/cmake --install /ws/build/gamesmanros_interfaces
