[0.133s] DEBUG:colcon:Command line arguments: ['/usr/bin/colcon', 'build', '--symlink-install']
[0.133s] DEBUG:colcon:Parsed command line arguments: Namespace(log_base=None, log_level=None, verb_name='build', build_base='build', install_base='install', merge_install=False, symlink_install=True, test_result_base=None, continue_on_error=False, executor='parallel', parallel_workers=8, event_handlers=None, ignore_user_meta=False, metas=['./colcon.meta'], base_paths=['.'], packages_ignore=None, packages_ignore_regex=None, paths=None, packages_up_to=None, packages_up_to_regex=None, packages_above=None, packages_above_and_dependencies=None, packages_above_depth=None, packages_select_by_dep=None, packages_skip_by_dep=None, packages_skip_up_to=None, packages_select_build_failed=False, packages_skip_build_finished=False, packages_select_test_failures=False, packages_skip_test_passed=False, packages_select=None, packages_skip=None, packages_select_regex=None, packages_skip_regex=None, packages_start=None, packages_end=None, cmake_args=None, cmake_target=None, cmake_target_skip_unavailable=False, cmake_clean_cache=False, cmake_clean_first=False, cmake_force_configure=False, ament_cmake_args=None, catkin_cmake_args=None, catkin_skip_building_tests=False, mixin_files=None, mixin=None, verb_parser=<colcon_mixin.mixin.mixin_argument.MixinArgumentDecorator object at 0xffff8d8a2bc0>, verb_extension=<colcon_core.verb.build.BuildVerb object at 0xffff8d8a2530>, main=<bound method BuildVerb.main of <colcon_core.verb.build.BuildVerb object at 0xffff8d8a2530>>, mixin_verb=('build',))
[0.247s] Level 1:colcon.colcon_core.package_discovery:discover_packages(colcon_meta) check parameters
[0.248s] INFO:colcon.colcon_metadata.package_discovery.colcon_meta:Using configuration from '/root/.colcon/metadata/default/Gazebo.meta'
[0.248s] INFO:colcon.colcon_metadata.package_discovery.colcon_meta:Using configuration from '/root/.colcon/metadata/default/fastdds.meta'
[0.249s] INFO:colcon.colcon_metadata.package_discovery.colcon_meta:Using configuration from '/root/.colcon/metadata/default/fastrtps.meta'
[0.249s] Level 1:colcon.colcon_core.package_discovery:discover_packages(recursive) check parameters
[0.249s] Level 1:colcon.colcon_core.package_discovery:discover_packages(ignore) check parameters
[0.249s] Level 1:colcon.colcon_core.package_discovery:discover_packages(path) check parameters
[0.249s] Level 1:colcon.colcon_core.package_discovery:discover_packages(colcon_meta) discover
[0.249s] Level 1:colcon.colcon_core.package_discovery:discover_packages(recursive) discover
[0.249s] INFO:colcon.colcon_core.package_discovery:Crawling recursively for packages in '/ws'
[0.249s] Level 1:colcon.colcon_core.package_identification:_identify(.) by extensions ['ignore', 'ignore_ament_install']
[0.249s] Level 1:colcon.colcon_core.package_identification:_identify(.) by extension 'ignore'
[0.249s] Level 1:colcon.colcon_core.package_identification:_identify(.) by extension 'ignore_ament_install'
[0.250s] Level 1:colcon.colcon_core.package_identification:_identify(.) by extensions ['colcon_pkg']
[0.250s] Level 1:colcon.colcon_core.package_identification:_identify(.) by extension 'colcon_pkg'
[0.250s] Level 1:colcon.colcon_core.package_identification:_identify(.) by extensions ['colcon_meta']
[0.250s] Level 1:colcon.colcon_core.package_identification:_identify(.) by extension 'colcon_meta'
[0.250s] Level 1:colcon.colcon_core.package_identification:_identify(.) by extensions ['ros']
[0.250s] Level 1:colcon.colcon_core.package_identification:_identify(.) by extension 'ros'
[0.264s] Level 1:colcon.colcon_core.package_identification:_identify(.) by extensions ['cmake', 'python']
[0.264s] Level 1:colcon.colcon_core.package_identification:_identify(.) by extension 'cmake'
[0.264s] Level 1:colcon.colcon_core.package_identification:_identify(.) by extension 'python'
[0.264s] Level 1:colcon.colcon_core.package_identification:_identify(.) by extensions ['python_setup_py']
[0.264s] Level 1:colcon.colcon_core.package_identification:_identify(.) by extension 'python_setup_py'
[0.265s] Level 1:colcon.colcon_core.package_identification:_identify(build) by extensions ['ignore', 'ignore_ament_install']
[0.265s] Level 1:colcon.colcon_core.package_identification:_identify(build) by extension 'ignore'
[0.265s] Level 1:colcon.colcon_core.package_identification:_identify(build) ignored
[0.266s] Level 1:colcon.colcon_core.package_identification:_identify(install) by extensions ['ignore', 'ignore_ament_install']
[0.266s] Level 1:colcon.colcon_core.package_identification:_identify(install) by extension 'ignore'
[0.266s] Level 1:colcon.colcon_core.package_identification:_identify(install) ignored
[0.266s] Level 1:colcon.colcon_core.package_identification:_identify(log) by extensions ['ignore', 'ignore_ament_install']
[0.266s] Level 1:colcon.colcon_core.package_identification:_identify(log) by extension 'ignore'
[0.266s] Level 1:colcon.colcon_core.package_identification:_identify(log) ignored
[0.266s] Level 1:colcon.colcon_core.package_identification:_identify(src) by extensions ['ignore', 'ignore_ament_install']
[0.266s] Level 1:colcon.colcon_core.package_identification:_identify(src) by extension 'ignore'
[0.267s] Level 1:colcon.colcon_core.package_identification:_identify(src) by extension 'ignore_ament_install'
[0.267s] Level 1:colcon.colcon_core.package_identification:_identify(src) by extensions ['colcon_pkg']
[0.267s] Level 1:colcon.colcon_core.package_identification:_identify(src) by extension 'colcon_pkg'
[0.267s] Level 1:colcon.colcon_core.package_identification:_identify(src) by extensions ['colcon_meta']
[0.267s] Level 1:colcon.colcon_core.package_identification:_identify(src) by extension 'colcon_meta'
[0.267s] Level 1:colcon.colcon_core.package_identification:_identify(src) by extensions ['ros']
[0.267s] Level 1:colcon.colcon_core.package_identification:_identify(src) by extension 'ros'
[0.267s] Level 1:colcon.colcon_core.package_identification:_identify(src) by extensions ['cmake', 'python']
[0.267s] Level 1:colcon.colcon_core.package_identification:_identify(src) by extension 'cmake'
[0.267s] Level 1:colcon.colcon_core.package_identification:_identify(src) by extension 'python'
[0.267s] Level 1:colcon.colcon_core.package_identification:_identify(src) by extensions ['python_setup_py']
[0.267s] Level 1:colcon.colcon_core.package_identification:_identify(src) by extension 'python_setup_py'
[0.268s] Level 1:colcon.colcon_core.package_identification:_identify(src/gamesmanros) by extensions ['ignore', 'ignore_ament_install']
[0.268s] Level 1:colcon.colcon_core.package_identification:_identify(src/gamesmanros) by extension 'ignore'
[0.268s] Level 1:colcon.colcon_core.package_identification:_identify(src/gamesmanros) by extension 'ignore_ament_install'
[0.268s] Level 1:colcon.colcon_core.package_identification:_identify(src/gamesmanros) by extensions ['colcon_pkg']
[0.268s] Level 1:colcon.colcon_core.package_identification:_identify(src/gamesmanros) by extension 'colcon_pkg'
[0.268s] Level 1:colcon.colcon_core.package_identification:_identify(src/gamesmanros) by extensions ['colcon_meta']
[0.268s] Level 1:colcon.colcon_core.package_identification:_identify(src/gamesmanros) by extension 'colcon_meta'
[0.268s] Level 1:colcon.colcon_core.package_identification:_identify(src/gamesmanros) by extensions ['ros']
[0.268s] Level 1:colcon.colcon_core.package_identification:_identify(src/gamesmanros) by extension 'ros'
[0.271s] DEBUG:colcon.colcon_core.package_identification:Package 'src/gamesmanros' with type 'ros.ament_python' and name 'gamesmanros'
[0.272s] Level 1:colcon.colcon_core.package_identification:_identify(src/gamesmanros_interfaces) by extensions ['ignore', 'ignore_ament_install']
[0.272s] Level 1:colcon.colcon_core.package_identification:_identify(src/gamesmanros_interfaces) by extension 'ignore'
[0.272s] Level 1:colcon.colcon_core.package_identification:_identify(src/gamesmanros_interfaces) by extension 'ignore_ament_install'
[0.272s] Level 1:colcon.colcon_core.package_identification:_identify(src/gamesmanros_interfaces) by extensions ['colcon_pkg']
[0.272s] Level 1:colcon.colcon_core.package_identification:_identify(src/gamesmanros_interfaces) by extension 'colcon_pkg'
[0.272s] Level 1:colcon.colcon_core.package_identification:_identify(src/gamesmanros_interfaces) by extensions ['colcon_meta']
[0.272s] Level 1:colcon.colcon_core.package_identification:_identify(src/gamesmanros_interfaces) by extension 'colcon_meta'
[0.272s] Level 1:colcon.colcon_core.package_identification:_identify(src/gamesmanros_interfaces) by extensions ['ros']
[0.272s] Level 1:colcon.colcon_core.package_identification:_identify(src/gamesmanros_interfaces) by extension 'ros'
[0.273s] DEBUG:colcon.colcon_core.package_identification:Package 'src/gamesmanros_interfaces' with type 'ros.ament_cmake' and name 'gamesmanros_interfaces'
[0.273s] Level 1:colcon.colcon_core.package_discovery:discover_packages(recursive) using defaults
[0.273s] Level 1:colcon.colcon_core.package_discovery:discover_packages(ignore) discover
[0.273s] Level 1:colcon.colcon_core.package_discovery:discover_packages(ignore) using defaults
[0.273s] Level 1:colcon.colcon_core.package_discovery:discover_packages(path) discover
[0.273s] Level 1:colcon.colcon_core.package_discovery:discover_packages(path) using defaults
[0.294s] Level 5:colcon.colcon_core.verb:set package 'gamesmanros_interfaces' build argument 'cmake_args' from command line to 'None'
[0.294s] Level 5:colcon.colcon_core.verb:set package 'gamesmanros_interfaces' build argument 'cmake_target' from command line to 'None'
[0.294s] Level 5:colcon.colcon_core.verb:set package 'gamesmanros_interfaces' build argument 'cmake_target_skip_unavailable' from command line to 'False'
[0.295s] Level 5:colcon.colcon_core.verb:set package 'gamesmanros_interfaces' build argument 'cmake_clean_cache' from command line to 'False'
[0.295s] Level 5:colcon.colcon_core.verb:set package 'gamesmanros_interfaces' build argument 'cmake_clean_first' from command line to 'False'
[0.295s] Level 5:colcon.colcon_core.verb:set package 'gamesmanros_interfaces' build argument 'cmake_force_configure' from command line to 'False'
[0.295s] Level 5:colcon.colcon_core.verb:set package 'gamesmanros_interfaces' build argument 'ament_cmake_args' from command line to 'None'
[0.295s] Level 5:colcon.colcon_core.verb:set package 'gamesmanros_interfaces' build argument 'catkin_cmake_args' from command line to 'None'
[0.295s] Level 5:colcon.colcon_core.verb:set package 'gamesmanros_interfaces' build argument 'catkin_skip_building_tests' from command line to 'False'
[0.295s] DEBUG:colcon.colcon_core.verb:Building package 'gamesmanros_interfaces' with the following arguments: {'ament_cmake_args': None, 'build_base': '/ws/build/gamesmanros_interfaces', 'catkin_cmake_args': None, 'catkin_skip_building_tests': False, 'cmake_args': None, 'cmake_clean_cache': False, 'cmake_clean_first': False, 'cmake_force_configure': False, 'cmake_target': None, 'cmake_target_skip_unavailable': False, 'install_base': '/ws/install/gamesmanros_interfaces', 'merge_install': False, 'path': '/ws/src/gamesmanros_interfaces', 'symlink_install': True, 'test_result_base': None}
[0.295s] Level 5:colcon.colcon_core.verb:set package 'gamesmanros' build argument 'cmake_args' from command line to 'None'
[0.295s] Level 5:colcon.colcon_core.verb:set package 'gamesmanros' build argument 'cmake_target' from command line to 'None'
[0.295s] Level 5:colcon.colcon_core.verb:set package 'gamesmanros' build argument 'cmake_target_skip_unavailable' from command line to 'False'
[0.295s] Level 5:colcon.colcon_core.verb:set package 'gamesmanros' build argument 'cmake_clean_cache' from command line to 'False'
[0.295s] Level 5:colcon.colcon_core.verb:set package 'gamesmanros' build argument 'cmake_clean_first' from command line to 'False'
[0.295s] Level 5:colcon.colcon_core.verb:set package 'gamesmanros' build argument 'cmake_force_configure' from command line to 'False'
[0.295s] Level 5:colcon.colcon_core.verb:set package 'gamesmanros' build argument 'ament_cmake_args' from command line to 'None'
[0.295s] Level 5:colcon.colcon_core.verb:set package 'gamesmanros' build argument 'catkin_cmake_args' from command line to 'None'
[0.295s] Level 5:colcon.colcon_core.verb:set package 'gamesmanros' build argument 'catkin_skip_building_tests' from command line to 'False'
[0.295s] DEBUG:colcon.colcon_core.verb:Building package 'gamesmanros' with the following arguments: {'ament_cmake_args': None, 'build_base': '/ws/build/gamesmanros', 'catkin_cmake_args': None, 'catkin_skip_building_tests': False, 'cmake_args': None, 'cmake_clean_cache': False, 'cmake_clean_first': False, 'cmake_force_configure': False, 'cmake_target': None, 'cmake_target_skip_unavailable': False, 'install_base': '/ws/install/gamesmanros', 'merge_install': False, 'path': '/ws/src/gamesmanros', 'symlink_install': True, 'test_result_base': None}
[0.296s] INFO:colcon.colcon_core.executor:Executing jobs using 'parallel' executor
[0.296s] DEBUG:colcon.colcon_parallel_executor.executor.parallel:run_until_complete
[0.296s] INFO:colcon.colcon_ros.task.ament_cmake.build:Building ROS package in '/ws/src/gamesmanros_interfaces' with build type 'ament_cmake'
[0.297s] INFO:colcon.colcon_cmake.task.cmake.build:Building CMake package in '/ws/src/gamesmanros_interfaces'
[0.298s] INFO:colcon.colcon_core.plugin_system:Skipping extension 'colcon_core.shell.bat': Not used on non-Windows systems
[0.299s] INFO:colcon.colcon_core.shell:Skip shell extension 'powershell' for command environment: Not usable outside of PowerShell
[0.299s] DEBUG:colcon.colcon_core.shell:Skip shell extension 'dsv' for command environment
[0.313s] DEBUG:colcon.colcon_core.event_handler.log_command:Invoking command in '/ws/build/gamesmanros_interfaces': CMAKE_PREFIX_PATH=/opt/ros/humble /usr/bin/cmake --build /ws/build/gamesmanros_interfaces -- -j8 -l8
[0.921s] DEBUG:colcon.colcon_core.event_handler.log_command:Invoked command in '/ws/build/gamesmanros_interfaces' returned '0': CMAKE_PREFIX_PATH=/opt/ros/humble /usr/bin/cmake --build /ws/build/gamesmanros_interfaces -- -j8 -l8
[0.933s] DEBUG:colcon.colcon_core.event_handler.log_command:Invoking command in '/ws/build/gamesmanros_interfaces': CMAKE_PREFIX_PATH=/opt/ros/humble /usr/bin/cmake --install /ws/build/gamesmanros_interfaces
[1.096s] Level 1:colcon.colcon_core.environment:create_environment_scripts_only(gamesmanros_interfaces)
[1.098s] Level 1:colcon.colcon_core.environment:checking '/ws/install/gamesmanros_interfaces' for CMake module files
[1.099s] DEBUG:colcon.colcon_core.event_handler.log_command:Invoked command in '/ws/build/gamesmanros_interfaces' returned '0': CMAKE_PREFIX_PATH=/opt/ros/humble /usr/bin/cmake --install /ws/build/gamesmanros_interfaces
[1.102s] Level 1:colcon.colcon_core.environment:checking '/ws/install/gamesmanros_interfaces' for CMake config files
[1.110s] Level 1:colcon.colcon_core.shell:create_environment_hook('gamesmanros_interfaces', 'cmake_prefix_path')
[1.110s] INFO:colcon.colcon_core.shell:Creating environment hook '/ws/install/gamesmanros_interfaces/share/gamesmanros_interfaces/hook/cmake_prefix_path.ps1'
[1.111s] INFO:colcon.colcon_core.shell:Creating environment descriptor '/ws/install/gamesmanros_interfaces/share/gamesmanros_interfaces/hook/cmake_prefix_path.dsv'
[1.112s] INFO:colcon.colcon_core.shell:Creating environment hook '/ws/install/gamesmanros_interfaces/share/gamesmanros_interfaces/hook/cmake_prefix_path.sh'
[1.113s] Level 1:colcon.colcon_core.environment:checking '/ws/install/gamesmanros_interfaces/lib'
[1.114s] Level 1:colcon.colcon_core.shell:create_environment_hook('gamesmanros_interfaces', 'ld_library_path_lib')
[1.114s] INFO:colcon.colcon_core.shell:Creating environment hook '/ws/install/gamesmanros_interfaces/share/gamesmanros_interfaces/hook/ld_library_path_lib.ps1'
[1.114s] INFO:colcon.colcon_core.shell:Creating environment descriptor '/ws/install/gamesmanros_interfaces/share/gamesmanros_interfaces/hook/ld_library_path_lib.dsv'
[1.115s] INFO:colcon.colcon_core.shell:Creating environment hook '/ws/install/gamesmanros_interfaces/share/gamesmanros_interfaces/hook/ld_library_path_lib.sh'
[1.116s] Level 1:colcon.colcon_core.environment:checking '/ws/install/gamesmanros_interfaces/bin'
[1.116s] Level 1:colcon.colcon_core.environment:checking '/ws/install/gamesmanros_interfaces/lib/pkgconfig/gamesmanros_interfaces.pc'
[1.118s] Level 1:colcon.colcon_core.environment:checking '/ws/install/gamesmanros_interfaces/lib/python3.10/site-packages'
[1.118s] Level 1:colcon.colcon_core.environment:checking '/ws/install/gamesmanros_interfaces/bin'
[1.118s] INFO:colcon.colcon_core.shell:Creating package script '/ws/install/gamesmanros_interfaces/share/gamesmanros_interfaces/package.ps1'
[1.120s] INFO:colcon.colcon_core.shell:Creating package descriptor '/ws/install/gamesmanros_interfaces/share/gamesmanros_interfaces/package.dsv'
[1.121s] INFO:colcon.colcon_core.shell:Creating package script '/ws/install/gamesmanros_interfaces/share/gamesmanros_interfaces/package.sh'
[1.122s] INFO:colcon.colcon_core.shell:Creating package script '/ws/install/gamesmanros_interfaces/share/gamesmanros_interfaces/package.bash'
[1.123s] INFO:colcon.colcon_core.shell:Creating package script '/ws/install/gamesmanros_interfaces/share/gamesmanros_interfaces/package.zsh'
[1.124s] Level 1:colcon.colcon_core.environment:create_file_with_runtime_dependencies(/ws/install/gamesmanros_interfaces/share/colcon-core/packages/gamesmanros_interfaces)
[1.126s] Level 1:colcon.colcon_core.environment:create_environment_scripts_only(gamesmanros_interfaces)
[1.126s] Level 1:colcon.colcon_core.environment:checking '/ws/install/gamesmanros_interfaces' for CMake module files
[1.129s] Level 1:colcon.colcon_core.environment:checking '/ws/install/gamesmanros_interfaces' for CMake config files
[1.136s] Level 1:colcon.colcon_core.shell:create_environment_hook('gamesmanros_interfaces', 'cmake_prefix_path')
[1.136s] INFO:colcon.colcon_core.shell:Creating environment hook '/ws/install/gamesmanros_interfaces/share/gamesmanros_interfaces/hook/cmake_prefix_path.ps1'
[1.137s] INFO:colcon.colcon_core.shell:Creating environment descriptor '/ws/install/gamesmanros_interfaces/share/gamesmanros_interfaces/hook/cmake_prefix_path.dsv'
[1.138s] INFO:colcon.colcon_core.shell:Creating environment hook '/ws/install/gamesmanros_interfaces/share/gamesmanros_interfaces/hook/cmake_prefix_path.sh'
[1.138s] Level 1:colcon.colcon_core.environment:checking '/ws/install/gamesmanros_interfaces/lib'
[1.139s] Level 1:colcon.colcon_core.shell:create_environment_hook('gamesmanros_interfaces', 'ld_library_path_lib')
[1.139s] INFO:colcon.colcon_core.shell:Creating environment hook '/ws/install/gamesmanros_interfaces/share/gamesmanros_interfaces/hook/ld_library_path_lib.ps1'
[1.139s] INFO:colcon.colcon_core.shell:Creating environment descriptor '/ws/install/gamesmanros_interfaces/share/gamesmanros_interfaces/hook/ld_library_path_lib.dsv'
[1.140s] INFO:colcon.colcon_core.shell:Creating environment hook '/ws/install/gamesmanros_interfaces/share/gamesmanros_interfaces/hook/ld_library_path_lib.sh'
[1.141s] Level 1:colcon.colcon_core.environment:checking '/ws/install/gamesmanros_interfaces/bin'
[1.141s] Level 1:colcon.colcon_core.environment:checking '/ws/install/gamesmanros_interfaces/lib/pkgconfig/gamesmanros_interfaces.pc'
[1.141s] Level 1:colcon.colcon_core.environment:checking '/ws/install/gamesmanros_interfaces/lib/python3.10/site-packages'
[1.141s] Level 1:colcon.colcon_core.environment:checking '/ws/install/gamesmanros_interfaces/bin'
[1.141s] INFO:colcon.colcon_core.shell:Creating package script '/ws/install/gamesmanros_interfaces/share/gamesmanros_interfaces/package.ps1'
[1.142s] INFO:colcon.colcon_core.shell:Creating package descriptor '/ws/install/gamesmanros_interfaces/share/gamesmanros_interfaces/package.dsv'
[1.143s] INFO:colcon.colcon_core.shell:Creating package script '/ws/install/gamesmanros_interfaces/share/gamesmanros_interfaces/package.sh'
[1.144s] INFO:colcon.colcon_core.shell:Creating package script '/ws/install/gamesmanros_interfaces/share/gamesmanros_interfaces/package.bash'
[1.144s] INFO:colcon.colcon_core.shell:Creating package script '/ws/install/gamesmanros_interfaces/share/gamesmanros_interfaces/package.zsh'
[1.145s] Level 1:colcon.colcon_core.environment:create_file_with_runtime_dependencies(/ws/install/gamesmanros_interfaces/share/colcon-core/packages/gamesmanros_interfaces)
[1.146s] INFO:colcon.colcon_ros.task.ament_python.build:Building ROS package in '/ws/src/gamesmanros' with build type 'ament_python'
[1.146s] Level 1:colcon.colcon_core.shell:create_environment_hook('gamesmanros', 'ament_prefix_path')
[1.146s] INFO:colcon.colcon_core.shell:Creating environment hook '/ws/install/gamesmanros/share/gamesmanros/hook/ament_prefix_path.ps1'
[1.148s] INFO:colcon.colcon_core.shell:Creating environment descriptor '/ws/install/gamesmanros/share/gamesmanros/hook/ament_prefix_path.dsv'
[1.149s] INFO:colcon.colcon_core.shell:Creating environment hook '/ws/install/gamesmanros/share/gamesmanros/hook/ament_prefix_path.sh'
[1.150s] INFO:colcon.colcon_core.shell:Skip shell extension 'powershell' for command environment: Not usable outside of PowerShell
[1.150s] DEBUG:colcon.colcon_core.shell:Skip shell extension 'dsv' for command environment
[1.310s] INFO:colcon.colcon_core.task.python.build:Building Python package in '/ws/src/gamesmanros'
[1.310s] INFO:colcon.colcon_core.shell:Skip shell extension 'powershell' for command environment: Not usable outside of PowerShell
[1.310s] DEBUG:colcon.colcon_core.shell:Skip shell extension 'dsv' for command environment
[1.562s] DEBUG:colcon.colcon_core.task.python.build:Available setuptools commands: install_headers, egg_info, setopt, build_ext, extract_messages, bdist_rpm, install_data, build_clib, test, bdist_dumb, compile_catalog, clean, init_catalog, build_scripts, rotate, install, check, bdist, install_scripts, symlink_data, saveopts, install_egg_info, dist_info, alias, easy_install, upload, install_lib, update_catalog, develop, register, upload_docs, build, sdist, build_py, bdist_wheel, bdist_egg
[1.749s] DEBUG:colcon.colcon_core.task.python.build:Available setuptools 'develop' options: --version, --record, --no-user-cfg, --no-find-links, --always-unzip, --prefix, --exclude-scripts, --editable, --install-dir, --site-dirs, --local-snapshots-ok, --upgrade, --always-copy, --allow-hosts, --find-links, --multi-version, --egg-path, --optimize, --user, --install-layout, --zip-ok, --quiet, --build-directory, --no-deps, --uninstall, --script-dir, --dry-run, --verbose, --index-url, --force-installation-into-system-dir, --help
[1.754s] DEBUG:colcon.colcon_core.event_handler.log_command:Invoking command in '/ws/build/gamesmanros': AMENT_PREFIX_PATH=/ws/install/gamesmanros_interfaces:${AMENT_PREFIX_PATH} CMAKE_PREFIX_PATH=/ws/install/gamesmanros_interfaces LD_LIBRARY_PATH=/ws/install/gamesmanros_interfaces/lib:${LD_LIBRARY_PATH} PYTHONPATH=/ws/build/gamesmanros/prefix_override:/usr/lib/python3/dist-packages/colcon_core/task/python/colcon_distutils_commands:/ws/install/gamesmanros/lib/python3.10/site-packages:/ws/install/gamesmanros_interfaces/local/lib/python3.10/dist-packages:${PYTHONPATH} /usr/bin/python3 -W ignore:setup.py install is deprecated -W ignore:easy_install command is deprecated setup.py develop --editable --build-directory /ws/build/gamesmanros/build --no-deps symlink_data
[2.011s] Level 1:colcon.colcon_core.shell:create_environment_hook('gamesmanros', 'pythonpath_develop')
[2.012s] INFO:colcon.colcon_core.shell:Creating environment hook '/ws/build/gamesmanros/share/gamesmanros/hook/pythonpath_develop.ps1'
[2.012s] DEBUG:colcon.colcon_core.event_handler.log_command:Invoked command in '/ws/build/gamesmanros' returned '0': AMENT_PREFIX_PATH=/ws/install/gamesmanros_interfaces:${AMENT_PREFIX_PATH} CMAKE_PREFIX_PATH=/ws/install/gamesmanros_interfaces LD_LIBRARY_PATH=/ws/install/gamesmanros_interfaces/lib:${LD_LIBRARY_PATH} PYTHONPATH=/ws/build/gamesmanros/prefix_override:/usr/lib/python3/dist-packages/colcon_core/task/python/colcon_distutils_commands:/ws/install/gamesmanros/lib/python3.10/site-packages:/ws/install/gamesmanros_interfaces/local/lib/python3.10/dist-packages:${PYTHONPATH} /usr/bin/python3 -W ignore:setup.py install is deprecated -W ignore:easy_install command is deprecated setup.py develop --editable --build-directory /ws/build/gamesmanros/build --no-deps symlink_data
[2.013s] INFO:colcon.colcon_core.shell:Creating environment descriptor '/ws/build/gamesmanros/share/gamesmanros/hook/pythonpath_develop.dsv'
[2.014s] INFO:colcon.colcon_core.shell:Creating environment hook '/ws/build/gamesmanros/share/gamesmanros/hook/pythonpath_develop.sh'
[2.015s] Level 1:colcon.colcon_core.environment:checking '/ws/install/gamesmanros' for CMake module files
[2.016s] Level 1:colcon.colcon_core.environment:checking '/ws/install/gamesmanros' for CMake config files
[2.019s] Level 1:colcon.colcon_core.environment:checking '/ws/install/gamesmanros/lib'
[2.019s] Level 1:colcon.colcon_core.environment:checking '/ws/install/gamesmanros/bin'
[2.019s] Level 1:colcon.colcon_core.environment:checking '/ws/install/gamesmanros/lib/pkgconfig/gamesmanros.pc'
[2.020s] Level 1:colcon.colcon_core.environment:checking '/ws/install/gamesmanros/lib/python3.10/site-packages'
[2.020s] Level 1:colcon.colcon_core.shell:create_environment_hook('gamesmanros', 'pythonpath')
[2.020s] INFO:colcon.colcon_core.shell:Creating environment hook '/ws/install/gamesmanros/share/gamesmanros/hook/pythonpath.ps1'
[2.021s] INFO:colcon.colcon_core.shell:Creating environment descriptor '/ws/install/gamesmanros/share/gamesmanros/hook/pythonpath.dsv'
[2.022s] INFO:colcon.colcon_core.shell:Creating environment hook '/ws/install/gamesmanros/share/gamesmanros/hook/pythonpath.sh'
[2.023s] Level 1:colcon.colcon_core.environment:checking '/ws/install/gamesmanros/bin'
[2.023s] Level 1:colcon.colcon_core.environment:create_environment_scripts_only(gamesmanros)
[2.023s] INFO:colcon.colcon_core.shell:Creating package script '/ws/install/gamesmanros/share/gamesmanros/package.ps1'
[2.024s] INFO:colcon.colcon_core.shell:Creating package descriptor '/ws/install/gamesmanros/share/gamesmanros/package.dsv'
[2.025s] INFO:colcon.colcon_core.shell:Creating package script '/ws/install/gamesmanros/share/gamesmanros/package.sh'
[2.026s] INFO:colcon.colcon_core.shell:Creating package script '/ws/install/gamesmanros/share/gamesmanros/package.bash'
[2.026s] INFO:colcon.colcon_core.shell:Creating package script '/ws/install/gamesmanros/share/gamesmanros/package.zsh'
[2.027s] Level 1:colcon.colcon_core.environment:create_file_with_runtime_dependencies(/ws/install/gamesmanros/share/colcon-core/packages/gamesmanros)
[2.028s] DEBUG:colcon.colcon_parallel_executor.executor.parallel:closing loop
[2.029s] DEBUG:colcon.colcon_parallel_executor.executor.parallel:loop closed
[2.029s] DEBUG:colcon.colcon_parallel_executor.executor.parallel:run_until_complete finished with '0'
[2.029s] DEBUG:colcon.colcon_core.event_reactor:joining thread
[2.036s] INFO:colcon.colcon_core.plugin_system:Skipping extension 'colcon_notification.desktop_notification.notify_send': Could not find 'notify-send'
[2.036s] INFO:colcon.colcon_core.plugin_system:Skipping extension 'colcon_notification.desktop_notification.terminal_notifier': Not used on non-Darwin systems
[2.036s] INFO:colcon.colcon_core.plugin_system:Skipping extension 'colcon_notification.desktop_notification.win32': Not used on non-Windows systems
[2.036s] INFO:colcon.colcon_notification.desktop_notification:Sending desktop notification using 'notify2'
[2.037s] DEBUG:colcon.colcon_notification.desktop_notification.notify2:Failed to initialize notify2: org.freedesktop.DBus.Error.InvalidFileContent: D-Bus library appears to be incorrectly set up: see the manual page for dbus-uuidgen to correct this issue. (Failed to open "/var/lib/dbus/machine-id": No such file or directory; UUID file '/etc/machine-id' should contain a hex string of length 32, not length 0, with no other text)
[2.037s] DEBUG:colcon.colcon_core.event_reactor:joined thread
[2.037s] INFO:colcon.colcon_core.shell:Creating prefix script '/ws/install/local_setup.ps1'
[2.039s] INFO:colcon.colcon_core.shell:Creating prefix util module '/ws/install/_local_setup_util_ps1.py'
[2.041s] INFO:colcon.colcon_core.shell:Creating prefix chain script '/ws/install/setup.ps1'
[2.042s] INFO:colcon.colcon_core.shell:Creating prefix script '/ws/install/local_setup.sh'
[2.043s] INFO:colcon.colcon_core.shell:Creating prefix util module '/ws/install/_local_setup_util_sh.py'
[2.044s] INFO:colcon.colcon_core.shell:Creating prefix chain script '/ws/install/setup.sh'
[2.045s] INFO:colcon.colcon_core.shell:Creating prefix script '/ws/install/local_setup.bash'
[2.046s] INFO:colcon.colcon_core.shell:Creating prefix chain script '/ws/install/setup.bash'
[2.047s] INFO:colcon.colcon_core.shell:Creating prefix script '/ws/install/local_setup.zsh'
[2.047s] INFO:colcon.colcon_core.shell:Creating prefix chain script '/ws/install/setup.zsh'
