[  1%] Built target gamesmanros_interfaces__rs
[  3%] Built target gamesmanros_interfaces__cpp
[  3%] Built target ament_cmake_python_symlink_gamesmanros_interfaces
Consolidate compiler generated dependencies of target gamesmanros_interfaces__rosidl_generator_c
[ 14%] Built target gamesmanros_interfaces__rosidl_generator_c
Consolidate compiler generated dependencies of target gamesmanros_interfaces__rosidl_typesupport_c
Consolidate compiler generated dependencies of target gamesmanros_interfaces__rosidl_typesupport_introspection_c
[ 35%] Built target gamesmanros_interfaces__rosidl_typesupport_c
[ 35%] Built target gamesmanros_interfaces__rosidl_typesupport_introspection_c
Consolidate compiler generated dependencies of target gamesmanros_interfaces__rosidl_typesupport_cpp
Consolidate compiler generated dependencies of target gamesmanros_interfaces__rosidl_typesupport_introspection_cpp
[ 46%] Built target gamesmanros_interfaces__rosidl_typesupport_cpp
[ 57%] Built target gamesmanros_interfaces__rosidl_typesupport_introspection_cpp
Consolidate compiler generated dependencies of target gamesmanros_interfaces__rosidl_typesupport_fastrtps_cpp
running egg_info
writing gamesmanros_interfaces.egg-info/PKG-INFO
writing dependency_links to gamesmanros_interfaces.egg-info/dependency_links.txt
writing top-level names to gamesmanros_interfaces.egg-info/top_level.txt
reading manifest file 'gamesmanros_interfaces.egg-info/SOURCES.txt'
writing manifest file 'gamesmanros_interfaces.egg-info/SOURCES.txt'
Consolidate compiler generated dependencies of target gamesmanros_interfaces__rosidl_typesupport_fastrtps_c
[ 67%] Built target gamesmanros_interfaces__rosidl_typesupport_fastrtps_cpp
[ 78%] Built target gamesmanros_interfaces__rosidl_typesupport_fastrtps_c
[ 78%] Built target ament_cmake_python_build_gamesmanros_interfaces_egg
[ 78%] Built target gamesmanros_interfaces
[ 80%] Built target gamesmanros_interfaces__py
Consolidate compiler generated dependencies of target gamesmanros_interfaces__rosidl_generator_py
[ 89%] Built target gamesmanros_interfaces__rosidl_generator_py
Consolidate compiler generated dependencies of target gamesmanros_interfaces__rosidl_typesupport_introspection_c__pyext
Consolidate compiler generated dependencies of target gamesmanros_interfaces__rosidl_typesupport_fastrtps_c__pyext
Consolidate compiler generated dependencies of target gamesmanros_interfaces__rosidl_typesupport_c__pyext
[ 98%] Built target gamesmanros_interfaces__rosidl_typesupport_fastrtps_c__pyext
[100%] Built target gamesmanros_interfaces__rosidl_typesupport_introspection_c__pyext
[100%] Built target gamesmanros_interfaces__rosidl_typesupport_c__pyext
-- Install configuration: ""
-- Execute custom install script
-- Up-to-date symlink: /ws/install/gamesmanros_interfaces/share/ament_index/resource_index/rosidl_interfaces/gamesmanros_interfaces
-- Up-to-date symlink: /ws/install/gamesmanros_interfaces/include/gamesmanros_interfaces/gamesmanros_interfaces/action/detail/execute_move__functions.h
-- Up-to-date symlink: /ws/install/gamesmanros_interfaces/include/gamesmanros_interfaces/gamesmanros_interfaces/action/detail/execute_move__struct.h
-- Up-to-date symlink: /ws/install/gamesmanros_interfaces/include/gamesmanros_interfaces/gamesmanros_interfaces/action/detail/execute_move__type_support.h
-- Up-to-date symlink: /ws/install/gamesmanros_interfaces/include/gamesmanros_interfaces/gamesmanros_interfaces/action/detail/move_arm__functions.h
-- Up-to-date symlink: /ws/install/gamesmanros_interfaces/include/gamesmanros_interfaces/gamesmanros_interfaces/action/detail/move_arm__struct.h
-- Up-to-date symlink: /ws/install/gamesmanros_interfaces/include/gamesmanros_interfaces/gamesmanros_interfaces/action/detail/move_arm__type_support.h
-- Up-to-date symlink: /ws/install/gamesmanros_interfaces/include/gamesmanros_interfaces/gamesmanros_interfaces/action/detail/move_gripper__functions.h
-- Up-to-date symlink: /ws/install/gamesmanros_interfaces/include/gamesmanros_interfaces/gamesmanros_interfaces/action/detail/move_gripper__struct.h
-- Up-to-date symlink: /ws/install/gamesmanros_interfaces/include/gamesmanros_interfaces/gamesmanros_interfaces/action/detail/move_gripper__type_support.h
-- Up-to-date symlink: /ws/install/gamesmanros_interfaces/include/gamesmanros_interfaces/gamesmanros_interfaces/action/execute_move.h
-- Up-to-date symlink: /ws/install/gamesmanros_interfaces/include/gamesmanros_interfaces/gamesmanros_interfaces/action/move_arm.h
-- Up-to-date symlink: /ws/install/gamesmanros_interfaces/include/gamesmanros_interfaces/gamesmanros_interfaces/action/move_gripper.h
-- Up-to-date symlink: /ws/install/gamesmanros_interfaces/include/gamesmanros_interfaces/gamesmanros_interfaces/msg/detail/game_state__functions.h
-- Up-to-date symlink: /ws/install/gamesmanros_interfaces/include/gamesmanros_interfaces/gamesmanros_interfaces/msg/detail/game_state__struct.h
-- Up-to-date symlink: /ws/install/gamesmanros_interfaces/include/gamesmanros_interfaces/gamesmanros_interfaces/msg/detail/game_state__type_support.h
-- Up-to-date symlink: /ws/install/gamesmanros_interfaces/include/gamesmanros_interfaces/gamesmanros_interfaces/msg/game_state.h
-- Up-to-date symlink: /ws/install/gamesmanros_interfaces/include/gamesmanros_interfaces/gamesmanros_interfaces/msg/rosidl_generator_c__visibility_control.h
-- Up-to-date symlink: /ws/install/gamesmanros_interfaces/share/gamesmanros_interfaces/environment/library_path.sh
-- Up-to-date symlink: /ws/install/gamesmanros_interfaces/share/gamesmanros_interfaces/environment/library_path.dsv
-- Up-to-date symlink: /ws/install/gamesmanros_interfaces/include/gamesmanros_interfaces/gamesmanros_interfaces/action/detail/execute_move__rosidl_typesupport_fastrtps_c.h
-- Up-to-date symlink: /ws/install/gamesmanros_interfaces/include/gamesmanros_interfaces/gamesmanros_interfaces/action/detail/move_arm__rosidl_typesupport_fastrtps_c.h
-- Up-to-date symlink: /ws/install/gamesmanros_interfaces/include/gamesmanros_interfaces/gamesmanros_interfaces/action/detail/move_gripper__rosidl_typesupport_fastrtps_c.h
-- Up-to-date symlink: /ws/install/gamesmanros_interfaces/include/gamesmanros_interfaces/gamesmanros_interfaces/msg/detail/game_state__rosidl_typesupport_fastrtps_c.h
-- Up-to-date symlink: /ws/install/gamesmanros_interfaces/include/gamesmanros_interfaces/gamesmanros_interfaces/msg/rosidl_typesupport_fastrtps_c__visibility_control.h
-- Up-to-date symlink: /ws/install/gamesmanros_interfaces/include/gamesmanros_interfaces/gamesmanros_interfaces/action/detail/execute_move__rosidl_typesupport_introspection_c.h
-- Up-to-date symlink: /ws/install/gamesmanros_interfaces/include/gamesmanros_interfaces/gamesmanros_interfaces/action/detail/move_arm__rosidl_typesupport_introspection_c.h
-- Up-to-date symlink: /ws/install/gamesmanros_interfaces/include/gamesmanros_interfaces/gamesmanros_interfaces/action/detail/move_gripper__rosidl_typesupport_introspection_c.h
-- Up-to-date symlink: /ws/install/gamesmanros_interfaces/include/gamesmanros_interfaces/gamesmanros_interfaces/msg/detail/game_state__rosidl_typesupport_introspection_c.h
-- Up-to-date symlink: /ws/install/gamesmanros_interfaces/include/gamesmanros_interfaces/gamesmanros_interfaces/msg/rosidl_typesupport_introspection_c__visibility_control.h
-- Up-to-date symlink: /ws/install/gamesmanros_interfaces/include/gamesmanros_interfaces/gamesmanros_interfaces/action/detail/execute_move__builder.hpp
-- Up-to-date symlink: /ws/install/gamesmanros_interfaces/include/gamesmanros_interfaces/gamesmanros_interfaces/action/detail/execute_move__struct.hpp
-- Up-to-date symlink: /ws/install/gamesmanros_interfaces/include/gamesmanros_interfaces/gamesmanros_interfaces/action/detail/execute_move__traits.hpp
-- Up-to-date symlink: /ws/install/gamesmanros_interfaces/include/gamesmanros_interfaces/gamesmanros_interfaces/action/detail/execute_move__type_support.hpp
-- Up-to-date symlink: /ws/install/gamesmanros_interfaces/include/gamesmanros_interfaces/gamesmanros_interfaces/action/detail/move_arm__builder.hpp
-- Up-to-date symlink: /ws/install/gamesmanros_interfaces/include/gamesmanros_interfaces/gamesmanros_interfaces/action/detail/move_arm__struct.hpp
-- Up-to-date symlink: /ws/install/gamesmanros_interfaces/include/gamesmanros_interfaces/gamesmanros_interfaces/action/detail/move_arm__traits.hpp
-- Up-to-date symlink: /ws/install/gamesmanros_interfaces/include/gamesmanros_interfaces/gamesmanros_interfaces/action/detail/move_arm__type_support.hpp
-- Up-to-date symlink: /ws/install/gamesmanros_interfaces/include/gamesmanros_interfaces/gamesmanros_interfaces/action/detail/move_gripper__builder.hpp
-- Up-to-date symlink: /ws/install/gamesmanros_interfaces/include/gamesmanros_interfaces/gamesmanros_interfaces/action/detail/move_gripper__struct.hpp
-- Up-to-date symlink: /ws/install/gamesmanros_interfaces/include/gamesmanros_interfaces/gamesmanros_interfaces/action/detail/move_gripper__traits.hpp
-- Up-to-date symlink: /ws/install/gamesmanros_interfaces/include/gamesmanros_interfaces/gamesmanros_interfaces/action/detail/move_gripper__type_support.hpp
-- Up-to-date symlink: /ws/install/gamesmanros_interfaces/include/gamesmanros_interfaces/gamesmanros_interfaces/action/execute_move.hpp
-- Up-to-date symlink: /ws/install/gamesmanros_interfaces/include/gamesmanros_interfaces/gamesmanros_interfaces/action/move_arm.hpp
-- Up-to-date symlink: /ws/install/gamesmanros_interfaces/include/gamesmanros_interfaces/gamesmanros_interfaces/action/move_gripper.hpp
-- Up-to-date symlink: /ws/install/gamesmanros_interfaces/include/gamesmanros_interfaces/gamesmanros_interfaces/msg/detail/game_state__builder.hpp
-- Up-to-date symlink: /ws/install/gamesmanros_interfaces/include/gamesmanros_interfaces/gamesmanros_interfaces/msg/detail/game_state__struct.hpp
-- Up-to-date symlink: /ws/install/gamesmanros_interfaces/include/gamesmanros_interfaces/gamesmanros_interfaces/msg/detail/game_state__traits.hpp
-- Up-to-date symlink: /ws/install/gamesmanros_interfaces/include/gamesmanros_interfaces/gamesmanros_interfaces/msg/detail/game_state__type_support.hpp
-- Up-to-date symlink: /ws/install/gamesmanros_interfaces/include/gamesmanros_interfaces/gamesmanros_interfaces/msg/game_state.hpp
-- Up-to-date symlink: /ws/install/gamesmanros_interfaces/include/gamesmanros_interfaces/gamesmanros_interfaces/msg/rosidl_generator_cpp__visibility_control.hpp
-- Up-to-date symlink: /ws/install/gamesmanros_interfaces/include/gamesmanros_interfaces/gamesmanros_interfaces/action/detail/execute_move__rosidl_typesupport_fastrtps_cpp.hpp
-- Up-to-date symlink: /ws/install/gamesmanros_interfaces/include/gamesmanros_interfaces/gamesmanros_interfaces/action/detail/move_arm__rosidl_typesupport_fastrtps_cpp.hpp
-- Up-to-date symlink: /ws/install/gamesmanros_interfaces/include/gamesmanros_interfaces/gamesmanros_interfaces/action/detail/move_gripper__rosidl_typesupport_fastrtps_cpp.hpp
-- Up-to-date symlink: /ws/install/gamesmanros_interfaces/include/gamesmanros_interfaces/gamesmanros_interfaces/msg/detail/game_state__rosidl_typesupport_fastrtps_cpp.hpp
-- Up-to-date symlink: /ws/install/gamesmanros_interfaces/include/gamesmanros_interfaces/gamesmanros_interfaces/msg/rosidl_typesupport_fastrtps_cpp__visibility_control.h
-- Up-to-date symlink: /ws/install/gamesmanros_interfaces/include/gamesmanros_interfaces/gamesmanros_interfaces/action/detail/execute_move__rosidl_typesupport_introspection_cpp.hpp
-- Up-to-date symlink: /ws/install/gamesmanros_interfaces/include/gamesmanros_interfaces/gamesmanros_interfaces/action/detail/move_arm__rosidl_typesupport_introspection_cpp.hpp
-- Up-to-date symlink: /ws/install/gamesmanros_interfaces/include/gamesmanros_interfaces/gamesmanros_interfaces/action/detail/move_gripper__rosidl_typesupport_introspection_cpp.hpp
-- Up-to-date symlink: /ws/install/gamesmanros_interfaces/include/gamesmanros_interfaces/gamesmanros_interfaces/msg/detail/game_state__rosidl_typesupport_introspection_cpp.hpp
-- Up-to-date symlink: /ws/install/gamesmanros_interfaces/share/gamesmanros_interfaces/environment/pythonpath.sh
-- Up-to-date symlink: /ws/install/gamesmanros_interfaces/share/gamesmanros_interfaces/environment/pythonpath.dsv
-- Up-to-date symlink: /ws/install/gamesmanros_interfaces/local/lib/python3.10/dist-packages/gamesmanros_interfaces-0.1.0-py3.10.egg-info/PKG-INFO
-- Up-to-date symlink: /ws/install/gamesmanros_interfaces/local/lib/python3.10/dist-packages/gamesmanros_interfaces-0.1.0-py3.10.egg-info/SOURCES.txt
-- Up-to-date symlink: /ws/install/gamesmanros_interfaces/local/lib/python3.10/dist-packages/gamesmanros_interfaces-0.1.0-py3.10.egg-info/dependency_links.txt
-- Up-to-date symlink: /ws/install/gamesmanros_interfaces/local/lib/python3.10/dist-packages/gamesmanros_interfaces-0.1.0-py3.10.egg-info/top_level.txt
-- Up-to-date symlink: /ws/install/gamesmanros_interfaces/local/lib/python3.10/dist-packages/gamesmanros_interfaces/__init__.py
-- Up-to-date symlink: /ws/install/gamesmanros_interfaces/local/lib/python3.10/dist-packages/gamesmanros_interfaces/_gamesmanros_interfaces_s.ep.rosidl_typesupport_c.c
-- Up-to-date symlink: /ws/install/gamesmanros_interfaces/local/lib/python3.10/dist-packages/gamesmanros_interfaces/_gamesmanros_interfaces_s.ep.rosidl_typesupport_fastrtps_c.c
-- Up-to-date symlink: /ws/install/gamesmanros_interfaces/local/lib/python3.10/dist-packages/gamesmanros_interfaces/_gamesmanros_interfaces_s.ep.rosidl_typesupport_introspection_c.c
-- Up-to-date symlink: /ws/install/gamesmanros_interfaces/local/lib/python3.10/dist-packages/gamesmanros_interfaces/action/__init__.py
-- Up-to-date symlink: /ws/install/gamesmanros_interfaces/local/lib/python3.10/dist-packages/gamesmanros_interfaces/action/_execute_move.py
-- Up-to-date symlink: /ws/install/gamesmanros_interfaces/local/lib/python3.10/dist-packages/gamesmanros_interfaces/action/_execute_move_s.c
-- Up-to-date symlink: /ws/install/gamesmanros_interfaces/local/lib/python3.10/dist-packages/gamesmanros_interfaces/action/_move_arm.py
-- Up-to-date symlink: /ws/install/gamesmanros_interfaces/local/lib/python3.10/dist-packages/gamesmanros_interfaces/action/_move_arm_s.c
-- Up-to-date symlink: /ws/install/gamesmanros_interfaces/local/lib/python3.10/dist-packages/gamesmanros_interfaces/action/_move_gripper.py
-- Up-to-date symlink: /ws/install/gamesmanros_interfaces/local/lib/python3.10/dist-packages/gamesmanros_interfaces/action/_move_gripper_s.c
-- Up-to-date symlink: /ws/install/gamesmanros_interfaces/local/lib/python3.10/dist-packages/gamesmanros_interfaces/gamesmanros_interfaces_s__rosidl_typesupport_c.cpython-310-aarch64-linux-gnu.so
-- Up-to-date symlink: /ws/install/gamesmanros_interfaces/local/lib/python3.10/dist-packages/gamesmanros_interfaces/gamesmanros_interfaces_s__rosidl_typesupport_fastrtps_c.cpython-310-aarch64-linux-gnu.so
-- Up-to-date symlink: /ws/install/gamesmanros_interfaces/local/lib/python3.10/dist-packages/gamesmanros_interfaces/gamesmanros_interfaces_s__rosidl_typesupport_introspection_c.cpython-310-aarch64-linux-gnu.so
-- Up-to-date symlink: /ws/install/gamesmanros_interfaces/local/lib/python3.10/dist-packages/gamesmanros_interfaces/libgamesmanros_interfaces__rosidl_generator_py.so
-- Up-to-date symlink: /ws/install/gamesmanros_interfaces/local/lib/python3.10/dist-packages/gamesmanros_interfaces/msg/__init__.py
-- Up-to-date symlink: /ws/install/gamesmanros_interfaces/local/lib/python3.10/dist-packages/gamesmanros_interfaces/msg/_game_state.py
-- Up-to-date symlink: /ws/install/gamesmanros_interfaces/local/lib/python3.10/dist-packages/gamesmanros_interfaces/msg/_game_state_s.c
-- Up-to-date symlink: /ws/install/gamesmanros_interfaces/local/lib/python3.10/dist-packages/gamesmanros_interfaces/gamesmanros_interfaces_s__rosidl_typesupport_fastrtps_c.cpython-310-aarch64-linux-gnu.so
-- Up-to-date symlink: /ws/install/gamesmanros_interfaces/local/lib/python3.10/dist-packages/gamesmanros_interfaces/gamesmanros_interfaces_s__rosidl_typesupport_introspection_c.cpython-310-aarch64-linux-gnu.so
-- Up-to-date symlink: /ws/install/gamesmanros_interfaces/local/lib/python3.10/dist-packages/gamesmanros_interfaces/gamesmanros_interfaces_s__rosidl_typesupport_c.cpython-310-aarch64-linux-gnu.so
-- Up-to-date symlink: /ws/install/gamesmanros_interfaces/share/ament_index/resource_index/rust_packages/gamesmanros_interfaces
-- Up-to-date symlink: /ws/install/gamesmanros_interfaces/share/gamesmanros_interfaces/rust/Cargo.toml
-- Up-to-date symlink: /ws/install/gamesmanros_interfaces/share/gamesmanros_interfaces/rust/build.rs
-- Up-to-date symlink: /ws/install/gamesmanros_interfaces/share/gamesmanros_interfaces/rust/src/action.rs
-- Up-to-date symlink: /ws/install/gamesmanros_interfaces/share/gamesmanros_interfaces/rust/src/action/rmw.rs
-- Up-to-date symlink: /ws/install/gamesmanros_interfaces/share/gamesmanros_interfaces/rust/src/lib.rs
-- Up-to-date symlink: /ws/install/gamesmanros_interfaces/share/gamesmanros_interfaces/rust/src/msg.rs
-- Up-to-date symlink: /ws/install/gamesmanros_interfaces/share/gamesmanros_interfaces/rust/src/msg/rmw.rs
-- Up-to-date symlink: /ws/install/gamesmanros_interfaces/share/gamesmanros_interfaces/msg/GameState.idl
-- Up-to-date symlink: /ws/install/gamesmanros_interfaces/share/gamesmanros_interfaces/action/MoveArm.idl
-- Up-to-date symlink: /ws/install/gamesmanros_interfaces/share/gamesmanros_interfaces/action/MoveGripper.idl
-- Up-to-date symlink: /ws/install/gamesmanros_interfaces/share/gamesmanros_interfaces/action/ExecuteMove.idl
-- Up-to-date symlink: /ws/install/gamesmanros_interfaces/share/gamesmanros_interfaces/msg/GameState.msg
-- Up-to-date symlink: /ws/install/gamesmanros_interfaces/share/gamesmanros_interfaces/action/MoveArm.action
-- Up-to-date symlink: /ws/install/gamesmanros_interfaces/share/gamesmanros_interfaces/action/MoveGripper.action
-- Up-to-date symlink: /ws/install/gamesmanros_interfaces/share/gamesmanros_interfaces/action/ExecuteMove.action
-- Up-to-date symlink: /ws/install/gamesmanros_interfaces/share/ament_index/resource_index/package_run_dependencies/gamesmanros_interfaces
-- Up-to-date symlink: /ws/install/gamesmanros_interfaces/share/ament_index/resource_index/parent_prefix_path/gamesmanros_interfaces
-- Up-to-date symlink: /ws/install/gamesmanros_interfaces/share/gamesmanros_interfaces/environment/ament_prefix_path.sh
-- Up-to-date symlink: /ws/install/gamesmanros_interfaces/share/gamesmanros_interfaces/environment/ament_prefix_path.dsv
-- Up-to-date symlink: /ws/install/gamesmanros_interfaces/share/gamesmanros_interfaces/environment/path.sh
-- Up-to-date symlink: /ws/install/gamesmanros_interfaces/share/gamesmanros_interfaces/environment/path.dsv
-- Up-to-date symlink: /ws/install/gamesmanros_interfaces/share/gamesmanros_interfaces/local_setup.bash
-- Up-to-date symlink: /ws/install/gamesmanros_interfaces/share/gamesmanros_interfaces/local_setup.sh
-- Up-to-date symlink: /ws/install/gamesmanros_interfaces/share/gamesmanros_interfaces/local_setup.zsh
-- Up-to-date symlink: /ws/install/gamesmanros_interfaces/share/gamesmanros_interfaces/local_setup.dsv
-- Symlinking: /ws/install/gamesmanros_interfaces/share/gamesmanros_interfaces/package.dsv
-- Up-to-date symlink: /ws/install/gamesmanros_interfaces/share/ament_index/resource_index/packages/gamesmanros_interfaces
-- Up-to-date symlink: /ws/install/gamesmanros_interfaces/share/gamesmanros_interfaces/cmake/rosidl_cmake-extras.cmake
-- Up-to-date symlink: /ws/install/gamesmanros_interfaces/share/gamesmanros_interfaces/cmake/ament_cmake_export_dependencies-extras.cmake
-- Up-to-date symlink: /ws/install/gamesmanros_interfaces/share/gamesmanros_interfaces/cmake/ament_cmake_export_include_directories-extras.cmake
-- Up-to-date symlink: /ws/install/gamesmanros_interfaces/share/gamesmanros_interfaces/cmake/ament_cmake_export_libraries-extras.cmake
-- Up-to-date symlink: /ws/install/gamesmanros_interfaces/share/gamesmanros_interfaces/cmake/ament_cmake_export_targets-extras.cmake
-- Up-to-date symlink: /ws/install/gamesmanros_interfaces/share/gamesmanros_interfaces/cmake/rosidl_cmake_export_typesupport_targets-extras.cmake
-- Up-to-date symlink: /ws/install/gamesmanros_interfaces/share/gamesmanros_interfaces/cmake/rosidl_cmake_export_typesupport_libraries-extras.cmake
-- Up-to-date symlink: /ws/install/gamesmanros_interfaces/share/gamesmanros_interfaces/cmake/rosidl_cmake_aggregate_target-extras.cmake
-- Up-to-date symlink: /ws/install/gamesmanros_interfaces/share/gamesmanros_interfaces/cmake/gamesmanros_interfacesConfig.cmake
-- Up-to-date symlink: /ws/install/gamesmanros_interfaces/share/gamesmanros_interfaces/cmake/gamesmanros_interfacesConfig-version.cmake
-- Up-to-date symlink: /ws/install/gamesmanros_interfaces/share/gamesmanros_interfaces/package.xml
-- Up-to-date: /ws/install/gamesmanros_interfaces/lib/libgamesmanros_interfaces__rosidl_generator_c.so
-- Up-to-date: /ws/install/gamesmanros_interfaces/lib/libgamesmanros_interfaces__rosidl_typesupport_fastrtps_c.so
-- Up-to-date: /ws/install/gamesmanros_interfaces/lib/libgamesmanros_interfaces__rosidl_typesupport_introspection_c.so
-- Up-to-date: /ws/install/gamesmanros_interfaces/lib/libgamesmanros_interfaces__rosidl_typesupport_c.so
-- Up-to-date: /ws/install/gamesmanros_interfaces/lib/libgamesmanros_interfaces__rosidl_typesupport_fastrtps_cpp.so
-- Up-to-date: /ws/install/gamesmanros_interfaces/lib/libgamesmanros_interfaces__rosidl_typesupport_introspection_cpp.so
-- Up-to-date: /ws/install/gamesmanros_interfaces/lib/libgamesmanros_interfaces__rosidl_typesupport_cpp.so
Listing '/ws/install/gamesmanros_interfaces/local/lib/python3.10/dist-packages/gamesmanros_interfaces'...
Listing '/ws/install/gamesmanros_interfaces/local/lib/python3.10/dist-packages/gamesmanros_interfaces/action'...
Listing '/ws/install/gamesmanros_interfaces/local/lib/python3.10/dist-packages/gamesmanros_interfaces/msg'...
-- Up-to-date: /ws/install/gamesmanros_interfaces/lib/libgamesmanros_interfaces__rosidl_generator_py.so
-- Up-to-date: /ws/install/gamesmanros_interfaces/share/gamesmanros_interfaces/cmake/export_gamesmanros_interfaces__rosidl_generator_cExport.cmake
-- Up-to-date: /ws/install/gamesmanros_interfaces/share/gamesmanros_interfaces/cmake/export_gamesmanros_interfaces__rosidl_generator_cExport-noconfig.cmake
-- Up-to-date: /ws/install/gamesmanros_interfaces/share/gamesmanros_interfaces/cmake/export_gamesmanros_interfaces__rosidl_typesupport_fastrtps_cExport.cmake
-- Up-to-date: /ws/install/gamesmanros_interfaces/share/gamesmanros_interfaces/cmake/export_gamesmanros_interfaces__rosidl_typesupport_fastrtps_cExport-noconfig.cmake
-- Up-to-date: /ws/install/gamesmanros_interfaces/share/gamesmanros_interfaces/cmake/gamesmanros_interfaces__rosidl_typesupport_introspection_cExport.cmake
-- Up-to-date: /ws/install/gamesmanros_interfaces/share/gamesmanros_interfaces/cmake/gamesmanros_interfaces__rosidl_typesupport_introspection_cExport-noconfig.cmake
-- Up-to-date: /ws/install/gamesmanros_interfaces/share/gamesmanros_interfaces/cmake/gamesmanros_interfaces__rosidl_typesupport_cExport.cmake
-- Up-to-date: /ws/install/gamesmanros_interfaces/share/gamesmanros_interfaces/cmake/gamesmanros_interfaces__rosidl_typesupport_cExport-noconfig.cmake
-- Up-to-date: /ws/install/gamesmanros_interfaces/share/gamesmanros_interfaces/cmake/export_gamesmanros_interfaces__rosidl_generator_cppExport.cmake
-- Up-to-date: /ws/install/gamesmanros_interfaces/share/gamesmanros_interfaces/cmake/export_gamesmanros_interfaces__rosidl_typesupport_fastrtps_cppExport.cmake
-- Up-to-date: /ws/install/gamesmanros_interfaces/share/gamesmanros_interfaces/cmake/export_gamesmanros_interfaces__rosidl_typesupport_fastrtps_cppExport-noconfig.cmake
-- Up-to-date: /ws/install/gamesmanros_interfaces/share/gamesmanros_interfaces/cmake/gamesmanros_interfaces__rosidl_typesupport_introspection_cppExport.cmake
-- Up-to-date: /ws/install/gamesmanros_interfaces/share/gamesmanros_interfaces/cmake/gamesmanros_interfaces__rosidl_typesupport_introspection_cppExport-noconfig.cmake
-- Up-to-date: /ws/install/gamesmanros_interfaces/share/gamesmanros_interfaces/cmake/gamesmanros_interfaces__rosidl_typesupport_cppExport.cmake
-- Up-to-date: /ws/install/gamesmanros_interfaces/share/gamesmanros_interfaces/cmake/gamesmanros_interfaces__rosidl_typesupport_cppExport-noconfig.cmake
-- Up-to-date: /ws/install/gamesmanros_interfaces/share/gamesmanros_interfaces/cmake/export_gamesmanros_interfaces__rosidl_generator_pyExport.cmake
-- Up-to-date: /ws/install/gamesmanros_interfaces/share/gamesmanros_interfaces/cmake/export_gamesmanros_interfaces__rosidl_generator_pyExport-noconfig.cmake
