[0.130s] DEBUG:colcon:Command line arguments: ['/usr/bin/colcon', 'build', '--symlink-install']
[0.130s] DEBUG:colcon:Parsed command line arguments: Namespace(log_base=None, log_level=None, verb_name='build', build_base='build', install_base='install', merge_install=False, symlink_install=True, test_result_base=None, continue_on_error=False, executor='parallel', parallel_workers=8, event_handlers=None, ignore_user_meta=False, metas=['./colcon.meta'], base_paths=['.'], packages_ignore=None, packages_ignore_regex=None, paths=None, packages_up_to=None, packages_up_to_regex=None, packages_above=None, packages_above_and_dependencies=None, packages_above_depth=None, packages_select_by_dep=None, packages_skip_by_dep=None, packages_skip_up_to=None, packages_select_build_failed=False, packages_skip_build_finished=False, packages_select_test_failures=False, packages_skip_test_passed=False, packages_select=None, packages_skip=None, packages_select_regex=None, packages_skip_regex=None, packages_start=None, packages_end=None, cmake_args=None, cmake_target=None, cmake_target_skip_unavailable=False, cmake_clean_cache=False, cmake_clean_first=False, cmake_force_configure=False, ament_cmake_args=None, catkin_cmake_args=None, catkin_skip_building_tests=False, mixin_files=None, mixin=None, verb_parser=<colcon_mixin.mixin.mixin_argument.MixinArgumentDecorator object at 0xffff99d82b60>, verb_extension=<colcon_core.verb.build.BuildVerb object at 0xffff99d824d0>, main=<bound method BuildVerb.main of <colcon_core.verb.build.BuildVerb object at 0xffff99d824d0>>, mixin_verb=('build',))
[0.230s] Level 1:colcon.colcon_core.package_discovery:discover_packages(colcon_meta) check parameters
[0.231s] INFO:colcon.colcon_metadata.package_discovery.colcon_meta:Using configuration from '/root/.colcon/metadata/default/Gazebo.meta'
[0.232s] INFO:colcon.colcon_metadata.package_discovery.colcon_meta:Using configuration from '/root/.colcon/metadata/default/fastdds.meta'
[0.232s] INFO:colcon.colcon_metadata.package_discovery.colcon_meta:Using configuration from '/root/.colcon/metadata/default/fastrtps.meta'
[0.232s] Level 1:colcon.colcon_core.package_discovery:discover_packages(recursive) check parameters
[0.232s] Level 1:colcon.colcon_core.package_discovery:discover_packages(ignore) check parameters
[0.232s] Level 1:colcon.colcon_core.package_discovery:discover_packages(path) check parameters
[0.232s] Level 1:colcon.colcon_core.package_discovery:discover_packages(colcon_meta) discover
[0.232s] Level 1:colcon.colcon_core.package_discovery:discover_packages(recursive) discover
[0.232s] INFO:colcon.colcon_core.package_discovery:Crawling recursively for packages in '/ws'
[0.233s] Level 1:colcon.colcon_core.package_identification:_identify(.) by extensions ['ignore', 'ignore_ament_install']
[0.233s] Level 1:colcon.colcon_core.package_identification:_identify(.) by extension 'ignore'
[0.233s] Level 1:colcon.colcon_core.package_identification:_identify(.) by extension 'ignore_ament_install'
[0.233s] Level 1:colcon.colcon_core.package_identification:_identify(.) by extensions ['colcon_pkg']
[0.233s] Level 1:colcon.colcon_core.package_identification:_identify(.) by extension 'colcon_pkg'
[0.233s] Level 1:colcon.colcon_core.package_identification:_identify(.) by extensions ['colcon_meta']
[0.233s] Level 1:colcon.colcon_core.package_identification:_identify(.) by extension 'colcon_meta'
[0.233s] Level 1:colcon.colcon_core.package_identification:_identify(.) by extensions ['ros']
[0.233s] Level 1:colcon.colcon_core.package_identification:_identify(.) by extension 'ros'
[0.244s] Level 1:colcon.colcon_core.package_identification:_identify(.) by extensions ['cmake', 'python']
[0.244s] Level 1:colcon.colcon_core.package_identification:_identify(.) by extension 'cmake'
[0.244s] Level 1:colcon.colcon_core.package_identification:_identify(.) by extension 'python'
[0.245s] Level 1:colcon.colcon_core.package_identification:_identify(.) by extensions ['python_setup_py']
[0.245s] Level 1:colcon.colcon_core.package_identification:_identify(.) by extension 'python_setup_py'
[0.245s] Level 1:colcon.colcon_core.package_identification:_identify(build) by extensions ['ignore', 'ignore_ament_install']
[0.245s] Level 1:colcon.colcon_core.package_identification:_identify(build) by extension 'ignore'
[0.245s] Level 1:colcon.colcon_core.package_identification:_identify(build) ignored
[0.246s] Level 1:colcon.colcon_core.package_identification:_identify(install) by extensions ['ignore', 'ignore_ament_install']
[0.246s] Level 1:colcon.colcon_core.package_identification:_identify(install) by extension 'ignore'
[0.246s] Level 1:colcon.colcon_core.package_identification:_identify(install) ignored
[0.246s] Level 1:colcon.colcon_core.package_identification:_identify(log) by extensions ['ignore', 'ignore_ament_install']
[0.246s] Level 1:colcon.colcon_core.package_identification:_identify(log) by extension 'ignore'
[0.247s] Level 1:colcon.colcon_core.package_identification:_identify(log) ignored
[0.247s] Level 1:colcon.colcon_core.package_identification:_identify(src) by extensions ['ignore', 'ignore_ament_install']
[0.247s] Level 1:colcon.colcon_core.package_identification:_identify(src) by extension 'ignore'
[0.247s] Level 1:colcon.colcon_core.package_identification:_identify(src) by extension 'ignore_ament_install'
[0.248s] Level 1:colcon.colcon_core.package_identification:_identify(src) by extensions ['colcon_pkg']
[0.248s] Level 1:colcon.colcon_core.package_identification:_identify(src) by extension 'colcon_pkg'
[0.248s] Level 1:colcon.colcon_core.package_identification:_identify(src) by extensions ['colcon_meta']
[0.248s] Level 1:colcon.colcon_core.package_identification:_identify(src) by extension 'colcon_meta'
[0.248s] Level 1:colcon.colcon_core.package_identification:_identify(src) by extensions ['ros']
[0.248s] Level 1:colcon.colcon_core.package_identification:_identify(src) by extension 'ros'
[0.248s] Level 1:colcon.colcon_core.package_identification:_identify(src) by extensions ['cmake', 'python']
[0.248s] Level 1:colcon.colcon_core.package_identification:_identify(src) by extension 'cmake'
[0.248s] Level 1:colcon.colcon_core.package_identification:_identify(src) by extension 'python'
[0.248s] Level 1:colcon.colcon_core.package_identification:_identify(src) by extensions ['python_setup_py']
[0.248s] Level 1:colcon.colcon_core.package_identification:_identify(src) by extension 'python_setup_py'
[0.249s] Level 1:colcon.colcon_core.package_identification:_identify(src/gamesmanros) by extensions ['ignore', 'ignore_ament_install']
[0.249s] Level 1:colcon.colcon_core.package_identification:_identify(src/gamesmanros) by extension 'ignore'
[0.249s] Level 1:colcon.colcon_core.package_identification:_identify(src/gamesmanros) by extension 'ignore_ament_install'
[0.249s] Level 1:colcon.colcon_core.package_identification:_identify(src/gamesmanros) by extensions ['colcon_pkg']
[0.250s] Level 1:colcon.colcon_core.package_identification:_identify(src/gamesmanros) by extension 'colcon_pkg'
[0.250s] Level 1:colcon.colcon_core.package_identification:_identify(src/gamesmanros) by extensions ['colcon_meta']
[0.250s] Level 1:colcon.colcon_core.package_identification:_identify(src/gamesmanros) by extension 'colcon_meta'
[0.250s] Level 1:colcon.colcon_core.package_identification:_identify(src/gamesmanros) by extensions ['ros']
[0.250s] Level 1:colcon.colcon_core.package_identification:_identify(src/gamesmanros) by extension 'ros'
[0.253s] DEBUG:colcon.colcon_core.package_identification:Package 'src/gamesmanros' with type 'ros.ament_python' and name 'gamesmanros'
[0.254s] Level 1:colcon.colcon_core.package_identification:_identify(src/gamesmanros_interfaces) by extensions ['ignore', 'ignore_ament_install']
[0.254s] Level 1:colcon.colcon_core.package_identification:_identify(src/gamesmanros_interfaces) by extension 'ignore'
[0.254s] Level 1:colcon.colcon_core.package_identification:_identify(src/gamesmanros_interfaces) by extension 'ignore_ament_install'
[0.254s] Level 1:colcon.colcon_core.package_identification:_identify(src/gamesmanros_interfaces) by extensions ['colcon_pkg']
[0.254s] Level 1:colcon.colcon_core.package_identification:_identify(src/gamesmanros_interfaces) by extension 'colcon_pkg'
[0.254s] Level 1:colcon.colcon_core.package_identification:_identify(src/gamesmanros_interfaces) by extensions ['colcon_meta']
[0.254s] Level 1:colcon.colcon_core.package_identification:_identify(src/gamesmanros_interfaces) by extension 'colcon_meta'
[0.254s] Level 1:colcon.colcon_core.package_identification:_identify(src/gamesmanros_interfaces) by extensions ['ros']
[0.254s] Level 1:colcon.colcon_core.package_identification:_identify(src/gamesmanros_interfaces) by extension 'ros'
[0.255s] DEBUG:colcon.colcon_core.package_identification:Package 'src/gamesmanros_interfaces' with type 'ros.ament_cmake' and name 'gamesmanros_interfaces'
[0.255s] Level 1:colcon.colcon_core.package_discovery:discover_packages(recursive) using defaults
[0.255s] Level 1:colcon.colcon_core.package_discovery:discover_packages(ignore) discover
[0.255s] Level 1:colcon.colcon_core.package_discovery:discover_packages(ignore) using defaults
[0.256s] Level 1:colcon.colcon_core.package_discovery:discover_packages(path) discover
[0.256s] Level 1:colcon.colcon_core.package_discovery:discover_packages(path) using defaults
[0.278s] Level 5:colcon.colcon_core.verb:set package 'gamesmanros_interfaces' build argument 'cmake_args' from command line to 'None'
[0.278s] Level 5:colcon.colcon_core.verb:set package 'gamesmanros_interfaces' build argument 'cmake_target' from command line to 'None'
[0.278s] Level 5:colcon.colcon_core.verb:set package 'gamesmanros_interfaces' build argument 'cmake_target_skip_unavailable' from command line to 'False'
[0.278s] Level 5:colcon.colcon_core.verb:set package 'gamesmanros_interfaces' build argument 'cmake_clean_cache' from command line to 'False'
[0.278s] Level 5:colcon.colcon_core.verb:set package 'gamesmanros_interfaces' build argument 'cmake_clean_first' from command line to 'False'
[0.278s] Level 5:colcon.colcon_core.verb:set package 'gamesmanros_interfaces' build argument 'cmake_force_configure' from command line to 'False'
[0.278s] Level 5:colcon.colcon_core.verb:set package 'gamesmanros_interfaces' build argument 'ament_cmake_args' from command line to 'None'
[0.278s] Level 5:colcon.colcon_core.verb:set package 'gamesmanros_interfaces' build argument 'catkin_cmake_args' from command line to 'None'
[0.278s] Level 5:colcon.colcon_core.verb:set package 'gamesmanros_interfaces' build argument 'catkin_skip_building_tests' from command line to 'False'
[0.278s] DEBUG:colcon.colcon_core.verb:Building package 'gamesmanros_interfaces' with the following arguments: {'ament_cmake_args': None, 'build_base': '/ws/build/gamesmanros_interfaces', 'catkin_cmake_args': None, 'catkin_skip_building_tests': False, 'cmake_args': None, 'cmake_clean_cache': False, 'cmake_clean_first': False, 'cmake_force_configure': False, 'cmake_target': None, 'cmake_target_skip_unavailable': False, 'install_base': '/ws/install/gamesmanros_interfaces', 'merge_install': False, 'path': '/ws/src/gamesmanros_interfaces', 'symlink_install': True, 'test_result_base': None}
[0.279s] Level 5:colcon.colcon_core.verb:set package 'gamesmanros' build argument 'cmake_args' from command line to 'None'
[0.279s] Level 5:colcon.colcon_core.verb:set package 'gamesmanros' build argument 'cmake_target' from command line to 'None'
[0.279s] Level 5:colcon.colcon_core.verb:set package 'gamesmanros' build argument 'cmake_target_skip_unavailable' from command line to 'False'
[0.279s] Level 5:colcon.colcon_core.verb:set package 'gamesmanros' build argument 'cmake_clean_cache' from command line to 'False'
[0.279s] Level 5:colcon.colcon_core.verb:set package 'gamesmanros' build argument 'cmake_clean_first' from command line to 'False'
[0.279s] Level 5:colcon.colcon_core.verb:set package 'gamesmanros' build argument 'cmake_force_configure' from command line to 'False'
[0.279s] Level 5:colcon.colcon_core.verb:set package 'gamesmanros' build argument 'ament_cmake_args' from command line to 'None'
[0.279s] Level 5:colcon.colcon_core.verb:set package 'gamesmanros' build argument 'catkin_cmake_args' from command line to 'None'
[0.279s] Level 5:colcon.colcon_core.verb:set package 'gamesmanros' build argument 'catkin_skip_building_tests' from command line to 'False'
[0.279s] DEBUG:colcon.colcon_core.verb:Building package 'gamesmanros' with the following arguments: {'ament_cmake_args': None, 'build_base': '/ws/build/gamesmanros', 'catkin_cmake_args': None, 'catkin_skip_building_tests': False, 'cmake_args': None, 'cmake_clean_cache': False, 'cmake_clean_first': False, 'cmake_force_configure': False, 'cmake_target': None, 'cmake_target_skip_unavailable': False, 'install_base': '/ws/install/gamesmanros', 'merge_install': False, 'path': '/ws/src/gamesmanros', 'symlink_install': True, 'test_result_base': None}
[0.279s] INFO:colcon.colcon_core.executor:Executing jobs using 'parallel' executor
[0.280s] DEBUG:colcon.colcon_parallel_executor.executor.parallel:run_until_complete
[0.280s] INFO:colcon.colcon_ros.task.ament_cmake.build:Building ROS package in '/ws/src/gamesmanros_interfaces' with build type 'ament_cmake'
[0.280s] INFO:colcon.colcon_cmake.task.cmake.build:Building CMake package in '/ws/src/gamesmanros_interfaces'
[0.282s] INFO:colcon.colcon_core.plugin_system:Skipping extension 'colcon_core.shell.bat': Not used on non-Windows systems
[0.282s] INFO:colcon.colcon_core.shell:Skip shell extension 'powershell' for command environment: Not usable outside of PowerShell
[0.283s] DEBUG:colcon.colcon_core.shell:Skip shell extension 'dsv' for command environment
[0.298s] DEBUG:colcon.colcon_core.event_handler.log_command:Invoking command in '/ws/build/gamesmanros_interfaces': CMAKE_PREFIX_PATH=/opt/ros/humble /usr/bin/cmake /ws/src/gamesmanros_interfaces -DAMENT_CMAKE_SYMLINK_INSTALL=1 -DCMAKE_INSTALL_PREFIX=/ws/install/gamesmanros_interfaces
[2.515s] DEBUG:colcon.colcon_core.event_handler.log_command:Invoked command in '/ws/build/gamesmanros_interfaces' returned '0': CMAKE_PREFIX_PATH=/opt/ros/humble /usr/bin/cmake /ws/src/gamesmanros_interfaces -DAMENT_CMAKE_SYMLINK_INSTALL=1 -DCMAKE_INSTALL_PREFIX=/ws/install/gamesmanros_interfaces
[2.518s] DEBUG:colcon.colcon_core.event_handler.log_command:Invoking command in '/ws/build/gamesmanros_interfaces': CMAKE_PREFIX_PATH=/opt/ros/humble /usr/bin/cmake --build /ws/build/gamesmanros_interfaces -- -j8 -l8
[9.589s] DEBUG:colcon.colcon_core.event_handler.log_command:Invoked command in '/ws/build/gamesmanros_interfaces' returned '0': CMAKE_PREFIX_PATH=/opt/ros/humble /usr/bin/cmake --build /ws/build/gamesmanros_interfaces -- -j8 -l8
[9.605s] DEBUG:colcon.colcon_core.event_handler.log_command:Invoking command in '/ws/build/gamesmanros_interfaces': CMAKE_PREFIX_PATH=/opt/ros/humble /usr/bin/cmake --install /ws/build/gamesmanros_interfaces
[10.668s] Level 1:colcon.colcon_core.environment:create_environment_scripts_only(gamesmanros_interfaces)
[10.673s] DEBUG:colcon.colcon_core.event_handler.log_command:Invoked command in '/ws/build/gamesmanros_interfaces' returned '0': CMAKE_PREFIX_PATH=/opt/ros/humble /usr/bin/cmake --install /ws/build/gamesmanros_interfaces
[10.676s] Level 1:colcon.colcon_core.environment:checking '/ws/install/gamesmanros_interfaces' for CMake module files
[10.678s] Level 1:colcon.colcon_core.environment:checking '/ws/install/gamesmanros_interfaces' for CMake config files
[10.688s] Level 1:colcon.colcon_core.shell:create_environment_hook('gamesmanros_interfaces', 'cmake_prefix_path')
[10.688s] INFO:colcon.colcon_core.shell:Creating environment hook '/ws/install/gamesmanros_interfaces/share/gamesmanros_interfaces/hook/cmake_prefix_path.ps1'
[10.689s] INFO:colcon.colcon_core.shell:Creating environment descriptor '/ws/install/gamesmanros_interfaces/share/gamesmanros_interfaces/hook/cmake_prefix_path.dsv'
[10.690s] INFO:colcon.colcon_core.shell:Creating environment hook '/ws/install/gamesmanros_interfaces/share/gamesmanros_interfaces/hook/cmake_prefix_path.sh'
[10.692s] Level 1:colcon.colcon_core.environment:checking '/ws/install/gamesmanros_interfaces/lib'
[10.692s] Level 1:colcon.colcon_core.shell:create_environment_hook('gamesmanros_interfaces', 'ld_library_path_lib')
[10.692s] INFO:colcon.colcon_core.shell:Creating environment hook '/ws/install/gamesmanros_interfaces/share/gamesmanros_interfaces/hook/ld_library_path_lib.ps1'
[10.693s] INFO:colcon.colcon_core.shell:Creating environment descriptor '/ws/install/gamesmanros_interfaces/share/gamesmanros_interfaces/hook/ld_library_path_lib.dsv'
[10.694s] INFO:colcon.colcon_core.shell:Creating environment hook '/ws/install/gamesmanros_interfaces/share/gamesmanros_interfaces/hook/ld_library_path_lib.sh'
[10.695s] Level 1:colcon.colcon_core.environment:checking '/ws/install/gamesmanros_interfaces/bin'
[10.695s] Level 1:colcon.colcon_core.environment:checking '/ws/install/gamesmanros_interfaces/lib/pkgconfig/gamesmanros_interfaces.pc'
[10.697s] Level 1:colcon.colcon_core.environment:checking '/ws/install/gamesmanros_interfaces/lib/python3.10/site-packages'
[10.697s] Level 1:colcon.colcon_core.environment:checking '/ws/install/gamesmanros_interfaces/bin'
[10.697s] INFO:colcon.colcon_core.shell:Creating package script '/ws/install/gamesmanros_interfaces/share/gamesmanros_interfaces/package.ps1'
[10.699s] INFO:colcon.colcon_core.shell:Creating package descriptor '/ws/install/gamesmanros_interfaces/share/gamesmanros_interfaces/package.dsv'
[10.700s] INFO:colcon.colcon_core.shell:Creating package script '/ws/install/gamesmanros_interfaces/share/gamesmanros_interfaces/package.sh'
[10.702s] INFO:colcon.colcon_core.shell:Creating package script '/ws/install/gamesmanros_interfaces/share/gamesmanros_interfaces/package.bash'
[10.703s] INFO:colcon.colcon_core.shell:Creating package script '/ws/install/gamesmanros_interfaces/share/gamesmanros_interfaces/package.zsh'
[10.704s] Level 1:colcon.colcon_core.environment:create_file_with_runtime_dependencies(/ws/install/gamesmanros_interfaces/share/colcon-core/packages/gamesmanros_interfaces)
[10.707s] Level 1:colcon.colcon_core.environment:create_environment_scripts_only(gamesmanros_interfaces)
[10.707s] Level 1:colcon.colcon_core.environment:checking '/ws/install/gamesmanros_interfaces' for CMake module files
[10.710s] Level 1:colcon.colcon_core.environment:checking '/ws/install/gamesmanros_interfaces' for CMake config files
[10.717s] Level 1:colcon.colcon_core.shell:create_environment_hook('gamesmanros_interfaces', 'cmake_prefix_path')
[10.718s] INFO:colcon.colcon_core.shell:Creating environment hook '/ws/install/gamesmanros_interfaces/share/gamesmanros_interfaces/hook/cmake_prefix_path.ps1'
[10.718s] INFO:colcon.colcon_core.shell:Creating environment descriptor '/ws/install/gamesmanros_interfaces/share/gamesmanros_interfaces/hook/cmake_prefix_path.dsv'
[10.719s] INFO:colcon.colcon_core.shell:Creating environment hook '/ws/install/gamesmanros_interfaces/share/gamesmanros_interfaces/hook/cmake_prefix_path.sh'
[10.720s] Level 1:colcon.colcon_core.environment:checking '/ws/install/gamesmanros_interfaces/lib'
[10.720s] Level 1:colcon.colcon_core.shell:create_environment_hook('gamesmanros_interfaces', 'ld_library_path_lib')
[10.720s] INFO:colcon.colcon_core.shell:Creating environment hook '/ws/install/gamesmanros_interfaces/share/gamesmanros_interfaces/hook/ld_library_path_lib.ps1'
[10.721s] INFO:colcon.colcon_core.shell:Creating environment descriptor '/ws/install/gamesmanros_interfaces/share/gamesmanros_interfaces/hook/ld_library_path_lib.dsv'
[10.721s] INFO:colcon.colcon_core.shell:Creating environment hook '/ws/install/gamesmanros_interfaces/share/gamesmanros_interfaces/hook/ld_library_path_lib.sh'
[10.722s] Level 1:colcon.colcon_core.environment:checking '/ws/install/gamesmanros_interfaces/bin'
[10.722s] Level 1:colcon.colcon_core.environment:checking '/ws/install/gamesmanros_interfaces/lib/pkgconfig/gamesmanros_interfaces.pc'
[10.722s] Level 1:colcon.colcon_core.environment:checking '/ws/install/gamesmanros_interfaces/lib/python3.10/site-packages'
[10.723s] Level 1:colcon.colcon_core.environment:checking '/ws/install/gamesmanros_interfaces/bin'
[10.723s] INFO:colcon.colcon_core.shell:Creating package script '/ws/install/gamesmanros_interfaces/share/gamesmanros_interfaces/package.ps1'
[10.724s] INFO:colcon.colcon_core.shell:Creating package descriptor '/ws/install/gamesmanros_interfaces/share/gamesmanros_interfaces/package.dsv'
[10.724s] INFO:colcon.colcon_core.shell:Creating package script '/ws/install/gamesmanros_interfaces/share/gamesmanros_interfaces/package.sh'
[10.725s] INFO:colcon.colcon_core.shell:Creating package script '/ws/install/gamesmanros_interfaces/share/gamesmanros_interfaces/package.bash'
[10.725s] INFO:colcon.colcon_core.shell:Creating package script '/ws/install/gamesmanros_interfaces/share/gamesmanros_interfaces/package.zsh'
[10.726s] Level 1:colcon.colcon_core.environment:create_file_with_runtime_dependencies(/ws/install/gamesmanros_interfaces/share/colcon-core/packages/gamesmanros_interfaces)
[10.727s] INFO:colcon.colcon_ros.task.ament_python.build:Building ROS package in '/ws/src/gamesmanros' with build type 'ament_python'
[10.727s] Level 1:colcon.colcon_core.shell:create_environment_hook('gamesmanros', 'ament_prefix_path')
[10.728s] INFO:colcon.colcon_core.shell:Creating environment hook '/ws/install/gamesmanros/share/gamesmanros/hook/ament_prefix_path.ps1'
[10.730s] INFO:colcon.colcon_core.shell:Creating environment descriptor '/ws/install/gamesmanros/share/gamesmanros/hook/ament_prefix_path.dsv'
[10.731s] INFO:colcon.colcon_core.shell:Creating environment hook '/ws/install/gamesmanros/share/gamesmanros/hook/ament_prefix_path.sh'
[10.732s] INFO:colcon.colcon_core.shell:Skip shell extension 'powershell' for command environment: Not usable outside of PowerShell
[10.732s] DEBUG:colcon.colcon_core.shell:Skip shell extension 'dsv' for command environment
[10.907s] INFO:colcon.colcon_core.task.python.build:Building Python package in '/ws/src/gamesmanros'
[10.907s] INFO:colcon.colcon_core.shell:Skip shell extension 'powershell' for command environment: Not usable outside of PowerShell
[10.907s] DEBUG:colcon.colcon_core.shell:Skip shell extension 'dsv' for command environment
[11.167s] DEBUG:colcon.colcon_core.task.python.build:Available setuptools commands: setopt, update_catalog, rotate, install_data, init_catalog, build_clib, develop, install_headers, upload_docs, check, symlink_data, bdist_dumb, bdist_wheel, test, bdist, build_py, compile_catalog, bdist_rpm, build, install_scripts, upload, easy_install, install_egg_info, build_scripts, bdist_egg, install_lib, sdist, install, register, alias, saveopts, dist_info, clean, egg_info, build_ext, extract_messages
[11.347s] DEBUG:colcon.colcon_core.task.python.build:Available setuptools 'develop' options: --editable, --exclude-scripts, --no-find-links, --user, --multi-version, --site-dirs, --egg-path, --record, --index-url, --local-snapshots-ok, --uninstall, --install-dir, --no-user-cfg, --dry-run, --build-directory, --always-copy, --install-layout, --zip-ok, --force-installation-into-system-dir, --prefix, --script-dir, --verbose, --quiet, --always-unzip, --version, --find-links, --optimize, --help, --no-deps, --upgrade, --allow-hosts
[11.355s] DEBUG:colcon.colcon_core.event_handler.log_command:Invoking command in '/ws/build/gamesmanros': AMENT_PREFIX_PATH=/ws/install/gamesmanros_interfaces:${AMENT_PREFIX_PATH} CMAKE_PREFIX_PATH=/ws/install/gamesmanros_interfaces LD_LIBRARY_PATH=/ws/install/gamesmanros_interfaces/lib:${LD_LIBRARY_PATH} PYTHONPATH=/ws/build/gamesmanros/prefix_override:/usr/lib/python3/dist-packages/colcon_core/task/python/colcon_distutils_commands:/ws/install/gamesmanros/lib/python3.10/site-packages:/ws/install/gamesmanros_interfaces/local/lib/python3.10/dist-packages:${PYTHONPATH} /usr/bin/python3 -W ignore:setup.py install is deprecated -W ignore:easy_install command is deprecated setup.py develop --editable --build-directory /ws/build/gamesmanros/build --no-deps symlink_data
[11.626s] Level 1:colcon.colcon_core.shell:create_environment_hook('gamesmanros', 'pythonpath_develop')
[11.627s] INFO:colcon.colcon_core.shell:Creating environment hook '/ws/build/gamesmanros/share/gamesmanros/hook/pythonpath_develop.ps1'
[11.627s] DEBUG:colcon.colcon_core.event_handler.log_command:Invoked command in '/ws/build/gamesmanros' returned '0': AMENT_PREFIX_PATH=/ws/install/gamesmanros_interfaces:${AMENT_PREFIX_PATH} CMAKE_PREFIX_PATH=/ws/install/gamesmanros_interfaces LD_LIBRARY_PATH=/ws/install/gamesmanros_interfaces/lib:${LD_LIBRARY_PATH} PYTHONPATH=/ws/build/gamesmanros/prefix_override:/usr/lib/python3/dist-packages/colcon_core/task/python/colcon_distutils_commands:/ws/install/gamesmanros/lib/python3.10/site-packages:/ws/install/gamesmanros_interfaces/local/lib/python3.10/dist-packages:${PYTHONPATH} /usr/bin/python3 -W ignore:setup.py install is deprecated -W ignore:easy_install command is deprecated setup.py develop --editable --build-directory /ws/build/gamesmanros/build --no-deps symlink_data
[11.629s] INFO:colcon.colcon_core.shell:Creating environment descriptor '/ws/build/gamesmanros/share/gamesmanros/hook/pythonpath_develop.dsv'
[11.629s] INFO:colcon.colcon_core.shell:Creating environment hook '/ws/build/gamesmanros/share/gamesmanros/hook/pythonpath_develop.sh'
[11.630s] Level 1:colcon.colcon_core.environment:checking '/ws/install/gamesmanros' for CMake module files
[11.632s] Level 1:colcon.colcon_core.environment:checking '/ws/install/gamesmanros' for CMake config files
[11.634s] Level 1:colcon.colcon_core.environment:checking '/ws/install/gamesmanros/lib'
[11.634s] Level 1:colcon.colcon_core.environment:checking '/ws/install/gamesmanros/bin'
[11.634s] Level 1:colcon.colcon_core.environment:checking '/ws/install/gamesmanros/lib/pkgconfig/gamesmanros.pc'
[11.634s] Level 1:colcon.colcon_core.environment:checking '/ws/install/gamesmanros/lib/python3.10/site-packages'
[11.635s] Level 1:colcon.colcon_core.shell:create_environment_hook('gamesmanros', 'pythonpath')
[11.635s] INFO:colcon.colcon_core.shell:Creating environment hook '/ws/install/gamesmanros/share/gamesmanros/hook/pythonpath.ps1'
[11.635s] INFO:colcon.colcon_core.shell:Creating environment descriptor '/ws/install/gamesmanros/share/gamesmanros/hook/pythonpath.dsv'
[11.636s] INFO:colcon.colcon_core.shell:Creating environment hook '/ws/install/gamesmanros/share/gamesmanros/hook/pythonpath.sh'
[11.637s] Level 1:colcon.colcon_core.environment:checking '/ws/install/gamesmanros/bin'
[11.637s] Level 1:colcon.colcon_core.environment:create_environment_scripts_only(gamesmanros)
[11.637s] INFO:colcon.colcon_core.shell:Creating package script '/ws/install/gamesmanros/share/gamesmanros/package.ps1'
[11.638s] INFO:colcon.colcon_core.shell:Creating package descriptor '/ws/install/gamesmanros/share/gamesmanros/package.dsv'
[11.638s] INFO:colcon.colcon_core.shell:Creating package script '/ws/install/gamesmanros/share/gamesmanros/package.sh'
[11.639s] INFO:colcon.colcon_core.shell:Creating package script '/ws/install/gamesmanros/share/gamesmanros/package.bash'
[11.640s] INFO:colcon.colcon_core.shell:Creating package script '/ws/install/gamesmanros/share/gamesmanros/package.zsh'
[11.641s] Level 1:colcon.colcon_core.environment:create_file_with_runtime_dependencies(/ws/install/gamesmanros/share/colcon-core/packages/gamesmanros)
[11.642s] DEBUG:colcon.colcon_parallel_executor.executor.parallel:closing loop
[11.642s] DEBUG:colcon.colcon_parallel_executor.executor.parallel:loop closed
[11.643s] DEBUG:colcon.colcon_parallel_executor.executor.parallel:run_until_complete finished with '0'
[11.643s] DEBUG:colcon.colcon_core.event_reactor:joining thread
[11.654s] INFO:colcon.colcon_core.plugin_system:Skipping extension 'colcon_notification.desktop_notification.notify_send': Could not find 'notify-send'
[11.654s] INFO:colcon.colcon_core.plugin_system:Skipping extension 'colcon_notification.desktop_notification.terminal_notifier': Not used on non-Darwin systems
[11.654s] INFO:colcon.colcon_core.plugin_system:Skipping extension 'colcon_notification.desktop_notification.win32': Not used on non-Windows systems
[11.654s] INFO:colcon.colcon_notification.desktop_notification:Sending desktop notification using 'notify2'
[11.654s] DEBUG:colcon.colcon_notification.desktop_notification.notify2:Failed to initialize notify2: org.freedesktop.DBus.Error.NotSupported: Unable to autolaunch a dbus-daemon without a $DISPLAY for X11
[11.654s] DEBUG:colcon.colcon_core.event_reactor:joined thread
[11.654s] INFO:colcon.colcon_core.shell:Creating prefix script '/ws/install/local_setup.ps1'
[11.655s] INFO:colcon.colcon_core.shell:Creating prefix util module '/ws/install/_local_setup_util_ps1.py'
[11.657s] INFO:colcon.colcon_core.shell:Creating prefix chain script '/ws/install/setup.ps1'
[11.658s] INFO:colcon.colcon_core.shell:Creating prefix script '/ws/install/local_setup.sh'
[11.659s] INFO:colcon.colcon_core.shell:Creating prefix util module '/ws/install/_local_setup_util_sh.py'
[11.660s] INFO:colcon.colcon_core.shell:Creating prefix chain script '/ws/install/setup.sh'
[11.661s] INFO:colcon.colcon_core.shell:Creating prefix script '/ws/install/local_setup.bash'
[11.662s] INFO:colcon.colcon_core.shell:Creating prefix chain script '/ws/install/setup.bash'
[11.663s] INFO:colcon.colcon_core.shell:Creating prefix script '/ws/install/local_setup.zsh'
[11.663s] INFO:colcon.colcon_core.shell:Creating prefix chain script '/ws/install/setup.zsh'
